\vskip 0.25in \vbox to0.75in {\parbox[t]{1in}{character\_01\vfil}\vfil}
