\subsection* {1}
\subsubsection* {Switch On}
\begin{enumerate}
\item Character character\_01 on microphone 1 in group group\_01 using DCA 0 named group\_01.
\end{enumerate}
\subsection* {2}
\subsubsection* {Switch Off}
\begin{enumerate}
\item Character character\_01 on microphone 1.
\end{enumerate}
Note that all microphones are now off.
\subsection* {3}
\subsubsection* {Switch On}
\begin{enumerate}
\item Character character\_02 on microphone 1 in group group\_02 using DCA 1 named group\_02.
\end{enumerate}
\subsection* {4}
\subsubsection* {Switch Off}
\begin{enumerate}
\item Character character\_02 on microphone 1.
\end{enumerate}
Note that all microphones are now off.
\subsection* {5}
\subsubsection* {Switch On}
\begin{enumerate}
\item Character character\_01 on microphone 1 in group group\_01 using DCA 0 named group\_01.
\end{enumerate}
\subsection* {6}
\subsubsection* {Change Group}
\begin{enumerate}
\item Character character\_02 on microphone 1 moves from group group\_01 to group group\_02 using DCA 1 named group\_02.
\end{enumerate}
\subsection* {7}
\subsubsection* {Switch Off}
\begin{enumerate}
\item Character character\_02 on microphone 1.
\end{enumerate}
Note that all microphones are now off.
