1&actor\_01 as character\_01 and character\_02\\\hline
