\newcommand{\ParameterShowName}{test003}
\newcommand{\ParameterDesigner}{John Sauter}
\newcommand{\ParameterDateNumeric}{2019-09-29}
\newcommand{\ParameterDateText}{September 29, 2019}
