\subsection{001: Act 1 Scene 1 Page 1 Start time 00:00:00 Duration 00:01:12}

\subsubsection{Actors in group group\_01}
\begin{enumerate}
\item actor\_01 as character\_01 and character\_02
\end{enumerate}


\subsection{002: Act 1 Scene 1 Page 2 Start time 00:01:12 Duration 00:01:12}

\subsection{003: Act 1 Scene 1 Page 3 Start time 00:02:24 Duration 00:01:12}

\subsubsection{Actors in group group\_02}
\begin{enumerate}
\item actor\_01 as character\_01 and character\_02
\end{enumerate}


\subsection{004: Act 1 Scene 1 Page 4 Start time 00:03:36 Duration 00:01:12}

\subsection{005: Act 1 Scene 1 Page 5 Start time 00:04:48 Duration 00:01:12}

\subsubsection{Actors in group group\_01}
\begin{enumerate}
\item actor\_01 as character\_01 and character\_02
\end{enumerate}
\subsubsection{Actors in group group\_02}
\begin{enumerate}
\item actor\_01 as character\_01 and character\_02 (silent)
\end{enumerate}


\subsection{006: Act 1 Scene 1 Page 6 Start time 00:06:00 Duration 00:01:12}

\subsubsection{Actors in group group\_01}
\begin{enumerate}
\item actor\_01 as character\_01 and character\_02 (silent)
\end{enumerate}
\subsubsection{Actors in group group\_02}
\begin{enumerate}
\item actor\_01 as character\_01 and character\_02
\end{enumerate}


\subsection{007: Act 1 Scene 1 Page 7 Start time 00:07:12 Duration 00:01:12}

