\raggedright 1&\centering group\_01\\ (1)&&&&&&&\tabularnewline\hline
\raggedright 2&&&&&&&&\tabularnewline\hline
\raggedright 3&&\centering group\_02\\ (1)&&&&&&\tabularnewline\hline
\raggedright 4&&&&&&&&\tabularnewline\hline
\raggedright 5&\centering group\_01\\ (1)&&&&&&&\tabularnewline\hline
\raggedright 6&&\centering group\_02\\ (1)&&&&&&\tabularnewline\hline
\raggedright 7&&&&&&&&\tabularnewline\hline
