page, "actor_01"
"1","group_01"
"2"," "
"3","group_02"
"4"," "
"5","group_01"
"6","group_02"
"7"," "
