\vskip 0.25in \vbox {\parbox[t]{0.5in}{1\hfil}\parbox[t]{2in}{On: 1 (group\_01). }}\vfil
\vskip 0.25in \vbox {\parbox[t]{0.5in}{2\hfil}\parbox[t]{2in}{Off: 1. (All off.)}}\vfil
\vskip 0.25in \vbox {\parbox[t]{0.5in}{3\hfil}\parbox[t]{2in}{On: 1 (group\_02). }}\vfil
\vskip 0.25in \vbox {\parbox[t]{0.5in}{4\hfil}\parbox[t]{2in}{Off: 1. (All off.)}}\vfil
\vskip 0.25in \vbox {\parbox[t]{0.5in}{5\hfil}\parbox[t]{2in}{On: 1 (group\_01). }}\vfil
\vskip 0.25in \vbox {\parbox[t]{0.5in}{6\hfil}\parbox[t]{2in}{Change group: 1 moves from group\_01 to group\_02. }}\vfil
\vskip 0.25in \vbox {\parbox[t]{0.5in}{7\hfil}\parbox[t]{2in}{Off: 1. (All off.)}}\vfil
\vfill
