1&\begin{itemize}
\item actor\_01 as character\_01 and character\_02 on pages 1 to 7.\end{itemize}
\\\hline
