\newcommand{\ParameterShowName}{test001}
\newcommand{\ParameterDesigner}{John Sauter}
\newcommand{\ParameterDateNumeric}{2019-09-15}
\newcommand{\ParameterDateText}{September 16, 2019}
