page, "actor_01", "actor_02"
"1","*"," "
"2"," ","*"
"3"," "," "
