1&\begin{itemize}
\item actor\_01 as character\_01 on pages 1 to 2.\end{itemize}
\\\hline
2&\begin{itemize}
\item actor\_02 as character\_02 on pages 2 to 3.\end{itemize}
\\\hline
