\subsection{001: Act 1 Scene 1 Page 1 Start time 00:00:00 Duration 00:01:12}

\subsubsection{Actors}
\begin{enumerate}
\item actor\_01 as character\_01
\end{enumerate}


\subsection{002: Act 1 Scene 1 Page 2 Start time 00:01:12 Duration 00:01:12}

\subsubsection{Actors}
\begin{enumerate}
\item actor\_02 as character\_02
\end{enumerate}


\subsection{003: Act 1 Scene 1 Page 3 Start time 00:02:24 Duration 00:01:12}

