\raggedright 1&\centering Solo\\ (1)&&&&&&&\tabularnewline\hline
\raggedright 2&\centering Solo\\ (2)&&&&&&&\tabularnewline\hline
\raggedright 3&&&&&&&&\tabularnewline\hline
