1&actor\_01 as character\_01\\\hline
2&actor\_02 as character\_02\\\hline
