\subsection* {1}
\subsubsection* {Switch On}
\begin{enumerate}
\item Character character\_01 on microphone 1 using DCA 0 named Solo.
\end{enumerate}
\subsection* {2}
\subsubsection* {Switch On}
\begin{enumerate}
\item Character character\_02 on microphone 2 using DCA 0 named Solo.
\end{enumerate}
\subsubsection* {Switch Off}
\begin{enumerate}
\item Character character\_01 on microphone 1.
\end{enumerate}
\subsubsection* {Still On}
Note that character character\_02 on microphone 2 is still on, using DCA 0 named Solo.\subsection* {3}
\subsubsection* {Switch Off}
\begin{enumerate}
\item Character character\_02 on microphone 2.
\end{enumerate}
Note that all microphones are now off.
