\parbox[t]{4.75in}{1\hfil\break actor\_01}\hfil\break\vskip 0.25in
\parbox[t]{4.75in}{2\hfil\break actor\_02}\hfil\break\vskip 0.25in
