PRAGMA foreign_keys=OFF;
BEGIN TRANSACTION;
CREATE TABLE 'config' ('param' TEXT, 'value' TEXT, PRIMARY KEY(param));
INSERT INTO config VALUES ('venue', '');
INSERT INTO config VALUES ('dcas', '1,2,3,4,5,6,7,8');
INSERT INTO config VALUES ('channels', '1,2');
INSERT INTO config VALUES ('buttonMap', '1=11,0=12');
INSERT INTO config VALUES ('consoleModel', '');
INSERT INTO config VALUES ('consoleVersion', '');
INSERT INTO config VALUES ('consoleIP', '');
INSERT INTO config VALUES ('consoleMAC', '');
INSERT INTO config VALUES ('autoConnect', '0');
INSERT INTO config VALUES ('backupChannels', '');
INSERT INTO config VALUES ('enableChannelMonitoring', '');
INSERT INTO config VALUES ('gangLR', '0');
INSERT INTO config VALUES ('gangLRChannels', '0');
INSERT INTO config VALUES ('gangLRName', '');
INSERT INTO config VALUES ('gangLRColour', '');
INSERT INTO config VALUES ('designer', 'John Sauter');
INSERT INTO config VALUES ('fxAssigns', '0');
INSERT INTO config VALUES ('fxMutes', '');
INSERT INTO config VALUES ('defaultFX', '');
INSERT INTO config VALUES ('snippetRecall', '');
INSERT INTO config VALUES ('fxBusMap', '');
CREATE TABLE 'cues' ('number' INTEGER NOT NULL DEFAULT 999, 'point' INTEGER NOT NULL DEFAULT 0, 'name' TEXT, 'dca01Channels' TEXT, 'dca02Channels' TEXT, 'dca03Channels' TEXT, 'dca04Channels' TEXT, 'dca05Channels' TEXT, 'dca06Channels' TEXT, 'dca07Channels' TEXT, 'dca08Channels' TEXT, 'dca01Label' TEXT, 'dca02Label' TEXT, 'dca03Label' TEXT, 'dca04Label' TEXT, 'dca05Label' TEXT, 'dca06Label' TEXT, 'dca07Label' TEXT, 'dca08Label' TEXT, 'ChannelPositions' TEXT, 'ChannelProfiles' TEXT, 'fxMutes' TEXT, 'channelFX' TEXT, 'snippets' TEXT);
INSERT INTO cues VALUES (1,0, "1", '1','','','','','','','', 'Solo', '', '', '', '', '', '', '','', '', '', '', '');
INSERT INTO cues VALUES (2,0, "2", '2','','','','','','','', 'Solo', '', '', '', '', '', '', '','', '', '', '', '');
INSERT INTO cues VALUES (3,0, "3", '','','','','','','','', '', '', '', '', '', '', '', '','', '', '', '', '');
CREATE TABLE 'positions' ('id' INTEGER PRIMARY KEY AUTOINCREMENT, 'name' TEXT, 'shortName' TEXT, 'delay' NUMERIC, 'pan' NUMERIC);
INSERT INTO positions VALUES(0, 'Centre Stage', 'CS', 2, 0);
CREATE TABLE 'profiles' ('id' INTEGER PRIMARY KEY AUTOINCREMENT, 'channel' INTEGER, 'name' TEXT, 'default' INTEGER DEFAULT 0, 'data' TEXT);
INSERT INTO profiles VALUES (1, 1, 'character_01', 1,'');
INSERT INTO profiles VALUES (2, 2, 'character_02', 1,'');
CREATE TABLE 'ensembles' ('id' INTEGER PRIMARY KEY AUTOINCREMENT, 'name' TEXT, 'channels' TEXT);
INSERT INTO ensembles VALUES (1, 'All', '1,2');
CREATE TABLE 'snippetCache' ('snippet' INTEGER PRIMARY KEY, 'name' TEXT);
INSERT INTO snippetCache VALUES (0, NULL);
INSERT INTO snippetCache VALUES (1, NULL);
INSERT INTO snippetCache VALUES (2, NULL);
INSERT INTO snippetCache VALUES (3, NULL);
INSERT INTO snippetCache VALUES (4, NULL);
INSERT INTO snippetCache VALUES (5, NULL);
INSERT INTO snippetCache VALUES (6, NULL);
INSERT INTO snippetCache VALUES (7, NULL);
INSERT INTO snippetCache VALUES (8, NULL);
INSERT INTO snippetCache VALUES (9, NULL);
INSERT INTO snippetCache VALUES (10, NULL);
INSERT INTO snippetCache VALUES (11, NULL);
INSERT INTO snippetCache VALUES (12, NULL);
INSERT INTO snippetCache VALUES (13, NULL);
INSERT INTO snippetCache VALUES (14, NULL);
INSERT INTO snippetCache VALUES (15, NULL);
INSERT INTO snippetCache VALUES (16, NULL);
INSERT INTO snippetCache VALUES (17, NULL);
INSERT INTO snippetCache VALUES (18, NULL);
INSERT INTO snippetCache VALUES (19, NULL);
INSERT INTO snippetCache VALUES (20, NULL);
INSERT INTO snippetCache VALUES (21, NULL);
INSERT INTO snippetCache VALUES (22, NULL);
INSERT INTO snippetCache VALUES (23, NULL);
INSERT INTO snippetCache VALUES (24, NULL);
INSERT INTO snippetCache VALUES (25, NULL);
INSERT INTO snippetCache VALUES (26, NULL);
INSERT INTO snippetCache VALUES (27, NULL);
INSERT INTO snippetCache VALUES (28, NULL);
INSERT INTO snippetCache VALUES (29, NULL);
INSERT INTO snippetCache VALUES (30, NULL);
INSERT INTO snippetCache VALUES (31, NULL);
INSERT INTO snippetCache VALUES (32, NULL);
INSERT INTO snippetCache VALUES (33, NULL);
INSERT INTO snippetCache VALUES (34, NULL);
INSERT INTO snippetCache VALUES (35, NULL);
INSERT INTO snippetCache VALUES (36, NULL);
INSERT INTO snippetCache VALUES (37, NULL);
INSERT INTO snippetCache VALUES (38, NULL);
INSERT INTO snippetCache VALUES (39, NULL);
INSERT INTO snippetCache VALUES (40, NULL);
INSERT INTO snippetCache VALUES (41, NULL);
INSERT INTO snippetCache VALUES (42, NULL);
INSERT INTO snippetCache VALUES (43, NULL);
INSERT INTO snippetCache VALUES (44, NULL);
INSERT INTO snippetCache VALUES (45, NULL);
INSERT INTO snippetCache VALUES (46, NULL);
INSERT INTO snippetCache VALUES (47, NULL);
INSERT INTO snippetCache VALUES (48, NULL);
INSERT INTO snippetCache VALUES (49, NULL);
INSERT INTO snippetCache VALUES (50, NULL);
INSERT INTO snippetCache VALUES (51, NULL);
INSERT INTO snippetCache VALUES (52, NULL);
INSERT INTO snippetCache VALUES (53, NULL);
INSERT INTO snippetCache VALUES (54, NULL);
INSERT INTO snippetCache VALUES (55, NULL);
INSERT INTO snippetCache VALUES (56, NULL);
INSERT INTO snippetCache VALUES (57, NULL);
INSERT INTO snippetCache VALUES (58, NULL);
INSERT INTO snippetCache VALUES (59, NULL);
INSERT INTO snippetCache VALUES (60, NULL);
INSERT INTO snippetCache VALUES (61, NULL);
INSERT INTO snippetCache VALUES (62, NULL);
INSERT INTO snippetCache VALUES (63, NULL);
INSERT INTO snippetCache VALUES (64, NULL);
INSERT INTO snippetCache VALUES (65, NULL);
INSERT INTO snippetCache VALUES (66, NULL);
INSERT INTO snippetCache VALUES (67, NULL);
INSERT INTO snippetCache VALUES (68, NULL);
INSERT INTO snippetCache VALUES (69, NULL);
INSERT INTO snippetCache VALUES (70, NULL);
INSERT INTO snippetCache VALUES (71, NULL);
INSERT INTO snippetCache VALUES (72, NULL);
INSERT INTO snippetCache VALUES (73, NULL);
INSERT INTO snippetCache VALUES (74, NULL);
INSERT INTO snippetCache VALUES (75, NULL);
INSERT INTO snippetCache VALUES (76, NULL);
INSERT INTO snippetCache VALUES (77, NULL);
INSERT INTO snippetCache VALUES (78, NULL);
INSERT INTO snippetCache VALUES (79, NULL);
INSERT INTO snippetCache VALUES (80, NULL);
INSERT INTO snippetCache VALUES (81, NULL);
INSERT INTO snippetCache VALUES (82, NULL);
INSERT INTO snippetCache VALUES (83, NULL);
INSERT INTO snippetCache VALUES (84, NULL);
INSERT INTO snippetCache VALUES (85, NULL);
INSERT INTO snippetCache VALUES (86, NULL);
INSERT INTO snippetCache VALUES (87, NULL);
INSERT INTO snippetCache VALUES (88, NULL);
INSERT INTO snippetCache VALUES (89, NULL);
INSERT INTO snippetCache VALUES (90, NULL);
INSERT INTO snippetCache VALUES (91, NULL);
INSERT INTO snippetCache VALUES (92, NULL);
INSERT INTO snippetCache VALUES (93, NULL);
INSERT INTO snippetCache VALUES (94, NULL);
INSERT INTO snippetCache VALUES (95, NULL);
INSERT INTO snippetCache VALUES (96, NULL);
INSERT INTO snippetCache VALUES (97, NULL);
INSERT INTO snippetCache VALUES (98, NULL);
INSERT INTO snippetCache VALUES (99, NULL);
CREATE TABLE 'fxCache' ('fx' INTEGER PRIMARY KEY, 'name' TEXT);
DELETE FROM sqlite_sequence;
INSERT INTO sqlite_sequence VALUES('positions', 1);
INSERT INTO sqlite_sequence VALUES('ensembles', 1);
INSERT INTO sqlite_sequence VALUES('profiles', 2);
CREATE UNIQUE INDEX 'cueID' ON 'cues' ('number', 'point');
COMMIT;
