\vskip 0.25in \vbox {\parbox[t]{0.5in}{1\hfil}\parbox[t]{2in}{On: 1. }}\vfil
\vskip 0.25in \vbox {\parbox[t]{0.5in}{2\hfil}\parbox[t]{2in}{Off: 1. (All off.)}}\vfil
\vfill
