\vskip 0.25in \vbox {\parbox[t]{0.5in}{1\hfil}\parbox[t]{2in}{On: 1. }}\vfil
\vskip 0.25in \vbox {\parbox[t]{0.5in}{2\hfil}\parbox[t]{2in}{On: 2. }}\vfil
\vskip 0.25in \vbox {\parbox[t]{0.5in}{3\hfil}\parbox[t]{2in}{On: 3. Off: 2. (Still on: 1, 3.)}}\vfil
\vskip 0.25in \vbox {\parbox[t]{0.5in}{4\hfil}\parbox[t]{2in}{On: 2. Off: 3. (Still on: 1, 2.)}}\vfil
\vskip 0.25in \vbox {\parbox[t]{0.5in}{6\hfil}\parbox[t]{2in}{Off: 1, 2. (All off.)}}\vfil
