\vskip 0.25in \vbox to0.75in {\parbox[t]{1in}{Pauline\vfil}}
\vskip 0.25in \vbox to0.75in {\parbox[t]{1in}{Harry Marvin\vfil}}
\vskip 0.25in \vbox to0.75in {\parbox[t]{1in}{Raymond Owen\vfil}}
