1&\begin{itemize}
\item Pearl White as Pauline on pages 1 to 6.\end{itemize}
\\\hline
2&\begin{itemize}
\item Crane Wilbur as Harry Marvin on pages 2 to 6.\end{itemize}
\\\hline
3&\begin{itemize}
\item Uncast \#1 as Raymond Owen on pages 3 to 5.\end{itemize}
\\\hline
