\subsection{001: Act 1 Scene 1 Page 1 Start time 00:00:00 Duration 00:01:12}

\subsubsection{Actors}
\begin{enumerate}
\item Pearl White as Pauline
\end{enumerate}

\subsubsection{Songs}
\begin{enumerate}
\item Where is My Hero
\end{enumerate}
\subsection{002: Act 1 Scene 1 Page 2 Start time 00:01:12 Duration 00:01:12}

\subsubsection{Actors}
\begin{enumerate}
\item Pearl White as Pauline
\item Crane Wilbur as Harry Marvin
\end{enumerate}

\subsubsection{Songs}
\begin{enumerate}
\item I Have Come to Save You
\end{enumerate}
\subsection{003: Act 1 Scene 1 Page 3 Start time 00:02:24 Duration 00:01:12}

\subsubsection{Actors}
\begin{enumerate}
\item Pearl White as Pauline
\item Uncast \#1 as Raymond Owen
\end{enumerate}

\subsubsection{Sounds}
\begin{enumerate}
\item Train Approaching
\end{enumerate}
\subsection{004: Act 1 Scene 1 Page 4 Start time 00:03:36 Duration 00:01:12}

\subsubsection{Actors}
\begin{enumerate}
\item Pearl White as Pauline
\item Crane Wilbur as Harry Marvin
\item Uncast \#1 as Raymond Owen (silent)
\end{enumerate}

\subsubsection{Sounds}
\begin{enumerate}
\item Train Approaching
\end{enumerate}
\subsection{005: Act 1 Scene 1 Page 5 Start time 00:04:48 Duration 00:01:12}

\subsubsection{Actors}
\begin{enumerate}
\item Pearl White as Pauline
\item Crane Wilbur as Harry Marvin
\end{enumerate}

\subsubsection{Sounds}
\begin{enumerate}
\item Train Approaching
\end{enumerate}
\subsection{006: Act 1 Scene 1 Page 6 Start time 00:06:00 Duration 00:01:12}

