\subsection* {1}
\subsubsection* {Switch On}
\begin{enumerate}
\item Character Pauline on microphone 1 using DCA 0 named Solo.
\end{enumerate}
\subsection* {2}
\subsubsection* {Switch On}
\begin{enumerate}
\item Character Harry Marvin on microphone 2 using DCA 0 named Solo.
\end{enumerate}
\subsection* {3}
\subsubsection* {Switch On}
\begin{enumerate}
\item Character Raymond Owen on microphone 3 using DCA 0 named Solo.
\end{enumerate}
\subsubsection* {Switch Off}
\begin{enumerate}
\item Character Harry Marvin on microphone 2.
\end{enumerate}
\subsubsection* {Still On}
Note that the following microphones are still on:
\begin{enumerate}
\item Character Pauline on microphone 1 using DCA 0 named Solo.
\item Character Raymond Owen on microphone 3 using DCA 0 named Solo.
\end{enumerate}
\subsection* {4}
\subsubsection* {Switch On}
\begin{enumerate}
\item Character Harry Marvin on microphone 2 using DCA 0 named Solo.
\end{enumerate}
\subsubsection* {Switch Off}
\begin{enumerate}
\item Character Raymond Owen on microphone 3.
\end{enumerate}
\subsubsection* {Still On}
Note that the following microphones are still on:
\begin{enumerate}
\item Character Pauline on microphone 1 using DCA 0 named Solo.
\item Character Harry Marvin on microphone 2 using DCA 0 named Solo.
\end{enumerate}
\subsection* {6}
\subsubsection* {Switch Off}
\begin{enumerate}
\item Character Pauline on microphone 1.
\item Character Harry Marvin on microphone 2.
\end{enumerate}
Note that all microphones are now off.
