\parbox[t]{4.75in}{1\hfil\break Pearl White}\hfil\break\vskip 0.25in
\parbox[t]{4.75in}{2\hfil\break Crane Wilbur}\hfil\break\vskip 0.25in
\parbox[t]{4.75in}{3\hfil\break Uncast \#1}\hfil\break\vskip 0.25in
