1&Pearl White as Pauline\\\hline
2&Crane Wilbur as Harry Marvin\\\hline
3&Uncast \#1 as Raymond Owen\\\hline
