\newcommand{\ParameterShowName}{The Perils of Pauline}
