page, "Pearl White", "Crane Wilbur", "Uncast #1"
"1","*"," "," "
"2","*","*"," "
"3","*"," ","*"
"4","*","*","*"
"5","*","*"," "
"6"," "," "," "
