\vbox {\setlength{\parindent}{0.25in}\noindent \textbf{Pearl White as Pauline}: You will use microphone 1 throughout the show. \par1. \parbox[t]{7in}{Get microphone 1 from the stage manager before the show starts.}\par
2.  \parbox[t]{7in}{Return microphone 1 to the stage manager at the end of the show.}\par
\vskip 0.25in}\par 

\vbox {\setlength{\parindent}{0.25in}\noindent \textbf{Crane Wilbur as Harry Marvin}: You will use microphone 2 throughout the show. \par1. \parbox[t]{7in}{Get microphone 2 from the stage manager before the show starts.}\par
2.  \parbox[t]{7in}{Return microphone 2 to the stage manager at the end of the show.}\par
\vskip 0.25in}\par 

\vbox {\setlength{\parindent}{0.25in}\noindent \textbf{Uncast \#1 as Raymond Owen}: You will use microphone 3 throughout the show. \par1. \parbox[t]{7in}{Get microphone 3 from the stage manager before the show starts.}\par
2.  \parbox[t]{7in}{Return microphone 3 to the stage manager at the end of the show.}\par
\vskip 0.25in}\par 

