\raggedright 1&\centering Solo\\ (1)&&&&&&&\tabularnewline\hline
\raggedright 2&\centering Solo\\ (1, 2)&&&&&&&\tabularnewline\hline
\raggedright 3&\centering Solo\\ (1, 3)&&&&&&&\tabularnewline\hline
\raggedright 4&\centering Solo\\ (1, 2)&&&&&&&\tabularnewline\hline
\raggedright 6&&&&&&&&\tabularnewline\hline
