\parbox[t]{4.75in}{1\hfil\break Stuart Harmon}\hfil\break\vskip 0.25in
\parbox[t]{4.75in}{2\hfil\break Ashley Hughes}\hfil\break\vskip 0.25in
\parbox[t]{4.75in}{3\hfil\break Roger Hurd}\hfil\break\vskip 0.25in
\parbox[t]{4.75in}{4\hfil\break Russell Arrowsmith}\hfil\break\vskip 0.25in
\parbox[t]{4.75in}{5\hfil\break Nicholas Hammes}\hfil\break\vskip 0.25in
\parbox[t]{4.75in}{6\hfil\break Steve Hammes\hfil\break Nancy Bennison}\hfil\break\vskip 0.25in
\parbox[t]{4.75in}{7\hfil\break Vick Bennison}\hfil\break\vskip 0.25in
\parbox[t]{4.75in}{8\hfil\break Meg Petersen}\hfil\break\vskip 0.25in
\parbox[t]{4.75in}{9\hfil\break Paula Troie}\hfil\break\vskip 0.25in
\parbox[t]{4.75in}{10\hfil\break Jenn Fichera\hfil\break Janet Scagnelli}\hfil\break\vskip 0.25in
\parbox[t]{4.75in}{11\hfil\break Jenn Stover\hfil\break JoAnn Zall\hfil\break Donna Fallon}\hfil\break\vskip 0.25in
\parbox[t]{4.75in}{12\hfil\break Karen Hammes\hfil\break Becky Tripp}\hfil\break\vskip 0.25in
\parbox[t]{4.75in}{13\hfil\break Tom Partridge\hfil\break Robyn Holley}\hfil\break\vskip 0.25in
\parbox[t]{4.75in}{14\hfil\break Ken Cox\hfil\break Lucy Stover}\hfil\break\vskip 0.25in
\parbox[t]{4.75in}{15\hfil\break Mark Sousa\hfil\break Joe Cinque\hfil\break Sophie Linkroum}\hfil\break\vskip 0.25in
\parbox[t]{4.75in}{16\hfil\break Olivia Vordenberg\hfil\break Gordon Goyette}\hfil\break\vskip 0.25in
\parbox[t]{4.75in}{17\hfil\break Mike McKnight\hfil\break Jane Curran}\hfil\break\vskip 0.25in
\parbox[t]{4.75in}{18\hfil\break Bob Piotrowski\hfil\break Janine Leffler}\hfil\break\vskip 0.25in
\parbox[t]{4.75in}{19\hfil\break Patrick McKnight\hfil\break Rich Sparks}\hfil\break\vskip 0.25in
\parbox[t]{4.75in}{20\hfil\break Christa Vordenberg\hfil\break Kim Whitehead\hfil\break Megan Ostrowski\hfil\break Theresa Novek}\hfil\break\vskip 0.25in
\parbox[t]{4.75in}{21\hfil\break Mark Merrifield}\hfil\break\vskip 0.25in
\parbox[t]{4.75in}{22\hfil\break Michelle Emmond}\hfil\break\vskip 0.25in
\parbox[t]{4.75in}{23\hfil\break Steve Taylor\hfil\break Kevin Brannelly}\hfil\break\vskip 0.25in
\parbox[t]{4.75in}{24\hfil\break Ben Wesenberg\hfil\break Susan Abis}\hfil\break\vskip 0.25in
