1&Stuart Harmon as Harold\\\hline
2&Christa Vordenberg as Amaryllis\\\hline
3&Mark Merrifield as Man page 11 and 1st voice page 67 and Man \#1 page 114\\\hline
4&Matt O'Dowd as Boy page 11\\\hline
5&Roger Hurd as Jacey\\\hline
6&Steve Hammes as Olin and contrary solo page 11\\\hline
7&Vick Bennison as Mayor Shinn\\\hline
8&Steve Taylor as Constable Locke and Farmer page 12\\\hline
9&Susan Abis as Wife page 12\\\hline
10&Jenn Fichera as Alma\\\hline
11&Jenn Stover as Ethel\\\hline
12&Karen Hammes as Mrs.~Squires\\\hline
13&Tom Partridge as Charlie Cowell\\\hline
14&Ken Cox as Conductor and Man \#2 page 109\\\hline
15&Joe Cinque as Salesman \#2 and Newspaper Reader \#1\\\hline
16&Gordon Goyette as Salesman \#3 and Man \#3 page 114\\\hline
17&Mike McKnight as Salesman \#5 and Man page 35\\\hline
18&Bob Piotrowski as Salesman \#4 and Man \#2 page 35 and Man \#1 page 115\\\hline
19&Rich Sparks as Salesman \#1 and Man \#1 page 108 and Man \#1 page 109\\\hline
20&Dave Ostrowski as Newspaper Reader \#2\\\hline
21&Kevin Linkroum as Newspaper Reader \#3\\\hline
22&Michelle Emmond as Mrs.~Paroo\\\hline
23&Uncast \#1 as Newspaper Reader \#4\\\hline
24&Uncast \#2 as Newspaper Reader \#5\\\hline
