 &13&from&Tom Partridge as Charlie Cowell\\*\cline{2-4}
 &14&from&Ken Cox as Conductor and Man \#2 page 109\\*\cline{2-4}
 &15&from&Joe Cinque as Salesman \#2 and Newspaper Reader \#1\\*\cline{2-4}
 &16&from&Gordon Goyette as Salesman \#3 and Man \#3 page 114\\*\cline{2-4}
10b&19&from&Rich Sparks as Salesman \#1 and Man \#1 page 108 and Man \#1 page 109\\*\cline{2-4}
 &20&from&Dave Ostrowski as Newspaper Reader \#2\\*\cline{2-4}
 &21&from&Kevin Linkroum as Newspaper Reader \#3\\*\cline{2-4}
 &23&from&Uncast \#1 as Newspaper Reader \#4\\*\cline{2-4}
 &24&from&Uncast \#2 as Newspaper Reader \#5\\\hline\hline
 &5&from&Roger Hurd as Jacey\\*\cline{2-4}
13&8&from&Steve Taylor as Constable Locke and Farmer page 12\\*\cline{2-4}
 &9&from&Susan Abis as Wife page 12\\*\cline{2-4}
 &24&to&Mark Sousa as Marcellus\\\hline\hline
22c&23&to&Ashley Hughes as Marian\\\hline\hline
27&21&to&Ben Wesenberg as Winthrop\\\hline\hline
31b&2&from&Christa Vordenberg as Amaryllis\\\hline\hline
 &5&to&Nicholas Hammes as Oliver\\*\cline{2-4}
 &8&to&Meg Petersen as Eulalie\\*\cline{2-4}
 &9&to&Paula Troie as Maud and 7th voice page 68\\*\cline{2-4}
31c&15&to&Olivia Vordenberg as Zaneeta\\*\cline{2-4}
 &16&to&Lucy Stover as Gracie\\*\cline{2-4}
 &19&to&Steve Taylor as Constable Locke and Farmer page 12\\*\cline{2-4}
 &20&to&Patrick McKnight as Tommy\\\hline\hline
33c&2&to&Roger Hurd as Jacey\\\hline\hline
38c&17&from&Mike McKnight as Salesman \#5 and Man page 35\\*\cline{2-4}
 &18&from&Bob Piotrowski as Salesman \#4 and Man \#2 page 35 and Man \#1 page 115\\\hline\hline
44d&19&from&Steve Taylor as Constable Locke and Farmer page 12\\\hline\hline
48b&24&from&Mark Sousa as Marcellus\\\hline\hline
 &10&from&Jenn Fichera as Alma\\*\cline{2-4}
53b&11&from&Jenn Stover as Ethel\\*\cline{2-4}
 &12&from&Karen Hammes as Mrs.~Squires\\\hline\hline
65a&22&from&Michelle Emmond as Mrs.~Paroo\\\hline\hline
 &10&to&Janet Scagnelli as 11th voice page 69\\*\cline{2-4}
 &11&to&JoAnn Zall as 10th voice page 69\\*\cline{2-4}
 &12&to&Becky Tripp as 9th voice page 69 and Woman \#3 page 114\\*\cline{2-4}
 &13&to&Kevin Brannelly as 4th voice page 68 and Man \#2 page 114\\*\cline{2-4}
67b&14&to&Jane Curran as 3rd voice page 68 and Woman \#1 page 114\\*\cline{2-4}
 &17&to&Kim Whitehead as 2nd voice page 67\\*\cline{2-4}
 &18&to&Robyn Holley as 5th voice page 68\\*\cline{2-4}
 &19&to&Janine Leffler as 6th voice page 68\\*\cline{2-4}
 &24&to&Sophie Linkroum as 8th voice page 68\\\hline\hline
69g&22&to&Pat Sawicki as Driver\\\hline\hline
 &10&from&Janet Scagnelli as 11th voice page 69\\*\cline{2-4}
 &10&to&Jenn Fichera as Alma\\*\cline{2-4}
 &11&from&JoAnn Zall as 10th voice page 69\\*\cline{2-4}
 &11&to&Jenn Stover as Ethel\\*\cline{2-4}
 &12&from&Becky Tripp as 9th voice page 69 and Woman \#3 page 114\\*\cline{2-4}
 &12&to&Karen Hammes as Mrs.~Squires\\*\cline{2-4}
 &13&from&Kevin Brannelly as 4th voice page 68 and Man \#2 page 114\\*\cline{2-4}
 &13&to&Tom Partridge as Charlie Cowell\\*\cline{2-4}
 &14&from&Jane Curran as 3rd voice page 68 and Woman \#1 page 114\\*\cline{2-4}
 &14&to&Ken Cox as Conductor and Man \#2 page 109\\*\cline{2-4}
72&16&from&Lucy Stover as Gracie\\*\cline{2-4}
 &16&to&Gordon Goyette as Salesman \#3 and Man \#3 page 114\\*\cline{2-4}
 &17&from&Kim Whitehead as 2nd voice page 67\\*\cline{2-4}
 &17&to&Megan Ostrowski as Boy page 77\\*\cline{2-4}
 &18&from&Robyn Holley as 5th voice page 68\\*\cline{2-4}
 &18&to&Bob Piotrowski as Salesman \#4 and Man \#2 page 35 and Man \#1 page 115\\*\cline{2-4}
 &19&from&Janine Leffler as 6th voice page 68\\*\cline{2-4}
 &19&to&Rich Sparks as Salesman \#1 and Man \#1 page 108 and Man \#1 page 109\\*\cline{2-4}
 &22&from&Pat Sawicki as Driver\\*\cline{2-4}
 &22&to&Michelle Emmond as Mrs.~Paroo\\*\cline{2-4}
 &24&from&Sophie Linkroum as 8th voice page 68\\*\cline{2-4}
 &24&to&Mark Sousa as Marcellus\\\hline\hline
79a&20&from&Patrick McKnight as Tommy\\\hline\hline
79b&17&from&Megan Ostrowski as Boy page 77\\\hline\hline
80b&15&from&Olivia Vordenberg as Zaneeta\\\hline\hline
84b&12&from&Karen Hammes as Mrs.~Squires\\\hline\hline
108b&20&to&Theresa Novek as Woman page 109\\\hline\hline
109a&13&from&Tom Partridge as Charlie Cowell\\*\cline{2-4}
 &14&from&Ken Cox as Conductor and Man \#2 page 109\\\hline\hline
 &12&to&Becky Tripp as 9th voice page 69 and Woman \#3 page 114\\*\cline{2-4}
 &13&to&Kevin Brannelly as 4th voice page 68 and Man \#2 page 114\\*\cline{2-4}
113d&14&to&Jane Curran as 3rd voice page 68 and Woman \#1 page 114\\*\cline{2-4}
 &15&to&Nancy Bennison as Woman page 115\\*\cline{2-4}
 &17&to&Donna Fallon as Woman \#2 page 114\\\hline\hline
