1&Stuart Harmon as Harold\\\hline
2&Roger Hurd as Jacey\\\hline
3&Mark Merrifield as Man page 11 and 1st voice page 67 and Man \#1 page 114\\\hline
4&Russell Arrowsmith as Ewart\\\hline
5&Nicholas Hammes as Oliver\\\hline
6&Steve Hammes as Olin and contrary solo page 11\\\hline
7&Vick Bennison as Mayor Shinn\\\hline
8&Meg Petersen as Eulalie\\\hline
9&Paula Troie as Maud and 7th voice page 68\\\hline
10&Jenn Fichera as Alma\\\hline
11&Jenn Stover as Ethel\\\hline
12&Karen Hammes as Mrs.~Squires\\\hline
13&Tom Partridge as Charlie Cowell\\\hline
14&Ken Cox as Conductor and Man \#2 page 109\\\hline
15&Olivia Vordenberg as Zaneeta\\\hline
16&Gordon Goyette as Salesman \#3 and Man \#3 page 114\\\hline
17&Megan Ostrowski as Boy page 77\\\hline
18&Bob Piotrowski as Salesman \#4 and Man \#2 page 35 and Man \#1 page 115\\\hline
19&Rich Sparks as Salesman \#1 and Man \#1 page 108 and Man \#1 page 109\\\hline
20&Patrick McKnight as Tommy\\\hline
21&Ben Wesenberg as Winthrop\\\hline
22&Michelle Emmond as Mrs.~Paroo\\\hline
23&Ashley Hughes as Marian\\\hline
24&Mark Sousa as Marcellus\\\hline
