1&\begin{itemize}
\item Stuart Harmon as Harold and Stranger on pages 1 to 116a.\end{itemize}
\\\hline
2&\begin{itemize}
\item Ashley Hughes as Marian on pages 22b to 116a.\end{itemize}
\\\hline
3&\begin{itemize}
\item Roger Hurd as Jacey on pages 10d to 94b.\end{itemize}
\\\hline
4&\begin{itemize}
\item Russell Arrowsmith as Ewart on pages 15a to 94b.\end{itemize}
\\\hline
5&\begin{itemize}
\item Nicholas Hammes as Oliver on pages 31c to 94b.\end{itemize}
\\\hline
6&\begin{itemize}
\item Steve Hammes as Olin and contrary solo page 11 on pages 10d to 94b;
\item Nancy Bennison as Woman page 115 on pages 113d to 116a.\end{itemize}
\\\hline
7&\begin{itemize}
\item Tom Partridge as Charlie Cowell on pages 1 to 10b, 90c to 109a;
\item Robyn Holley as 5th voice page 68 on pages 67b to 71b.\end{itemize}
\\\hline
8&\begin{itemize}
\item Ken Cox as Conductor and Man \#2 page 109 on pages 1 to 10b, 108b to 109a;
\item Lucy Stover as Gracie on pages 31c to 71b.\end{itemize}
\\\hline
9&\begin{itemize}
\item Joe Cinque as Salesman \#2 and Newspaper Reader \#1 on pages 1 to 10b;
\item Meg Petersen as Eulalie on pages 31c to 109a.\end{itemize}
\\\hline
10&\begin{itemize}
\item Gordon Goyette as Salesman \#3 and Man \#3 page 114 on pages 1 to 10b, 113d to 116a;
\item Olivia Vordenberg as Zaneeta on pages 31c to 80b.\end{itemize}
\\\hline
11&\begin{itemize}
\item Mike McKnight as Salesman \#5 and Man page 35 on pages 1 to 38c;
\item Jane Curran as 3rd voice page 68 and Woman \#1 page 114 on pages 67b to 116a.\end{itemize}
\\\hline
12&\begin{itemize}
\item Bob Piotrowski as Salesman \#4 and Man \#2 page 35 and Man \#1 page 115 on pages 1 to 38c, 113d to 116a;
\item Janine Leffler as 6th voice page 68 on pages 67b to 71b.\end{itemize}
\\\hline
13&\begin{itemize}
\item Rich Sparks as Salesman \#1 and Man \#1 page 108 and Man \#1 page 109 on pages 1 to 10b, 108b to 109a;
\item Patrick McKnight as Tommy on pages 31c to 79a.\end{itemize}
\\\hline
14&\begin{itemize}
\item Dave Ostrowski as Newspaper Reader \#2 and Newspaper Reader \#4 on pages 1 to 10b;
\item Ben Wesenberg as Winthrop on pages 27 to 113b.\end{itemize}
\\\hline
15&\begin{itemize}
\item Kevin Linkroum as Newspaper Reader \#3 and Newspaper Reader \#5 on pages 1 to 10b;
\item Mark Sousa as Marcellus on pages 13 to 48b, 74b to 113b;
\item Sophie Linkroum as 8th voice page 68 on pages 67b to 71b.\end{itemize}
\\\hline
16&\begin{itemize}
\item Michelle Emmond as Mrs.~Paroo on pages 10c to 65a, 86 to 100b;
\item Pat Sawicki as Driver on pages 69e to 71b.\end{itemize}
\\\hline
17&\begin{itemize}
\item Vick Bennison as Mayor Shinn on pages 10c to 116a.\end{itemize}
\\\hline
18&\begin{itemize}
\item Christa Vordenberg as Amaryllis on pages 10c to 31b;
\item Kim Whitehead as 2nd voice page 67 on pages 67b to 71b;
\item Megan Ostrowski as Boy page 77 on pages 74b to 79b;
\item Theresa Novek as Woman page 109 on pages 108b to 109a.\end{itemize}
\\\hline
19&\begin{itemize}
\item Mark Merrifield as Man page 11 and 1st voice page 67 and Man \#1 page 114 on pages 10c to 116a.\end{itemize}
\\\hline
20&\begin{itemize}
\item Matt O'Dowd as Boy page 11 on pages 10c to 13;
\item Paula Troie as Maud and 7th voice page 68 on pages 31c to 116a.\end{itemize}
\\\hline
21&\begin{itemize}
\item Jenn Fichera as Alma on pages 10d to 53b, 80a to 116a;
\item Janet Scagnelli as 11th voice page 69 on pages 67b to 71b.\end{itemize}
\\\hline
22&\begin{itemize}
\item Jenn Stover as Ethel on pages 10d to 53b, 80a to 84b;
\item JoAnn Zall as 10th voice page 69 on pages 67b to 71b;
\item Donna Fallon as Woman \#2 page 114 on pages 113d to 116a.\end{itemize}
\\\hline
23&\begin{itemize}
\item Steve Taylor as Constable Locke and Farmer page 12 on pages 10d to 44d;
\item Kevin Brannelly as 4th voice page 68 and Man \#2 page 114 and Man \#2 page 115 on pages 67b to 116a.\end{itemize}
\\\hline
24&\begin{itemize}
\item Susan Abis as Wife page 12 on pages 10d to 13;
\item Karen Hammes as Mrs.~Squires on pages 31c to 53b, 80a to 84b;
\item Becky Tripp as 9th voice page 69 and Woman \#3 page 114 on pages 67b to 71b, 113d to 116a.\end{itemize}
\\\hline
