1&Stuart Harmon as Harold and Stranger\\\hline
2&Ashley Hughes as Marian\\\hline
3&Roger Hurd as Jacey\\\hline
4&Russell Arrowsmith as Ewart\\\hline
5&Nicholas Hammes as Oliver\\\hline
6&Nancy Bennison as Woman page 115\\\hline
7&Tom Partridge as Charlie Cowell\\\hline
8&Ken Cox as Conductor and Man \#2 page 109\\\hline
9&Meg Petersen as Eulalie\\\hline
10&Gordon Goyette as Salesman \#3 and Man \#3 page 114\\\hline
11&Jane Curran as 3rd voice page 68 and Woman \#1 page 114\\\hline
12&Bob Piotrowski as Salesman \#4 and Man \#2 page 35 and Man \#1 page 115\\\hline
13&Rich Sparks as Salesman \#1 and Man \#1 page 108 and Man \#1 page 109\\\hline
14&Ben Wesenberg as Winthrop\\\hline
15&Mark Sousa as Marcellus\\\hline
16&Michelle Emmond as Mrs.~Paroo\\\hline
17&Vick Bennison as Mayor Shinn\\\hline
18&Theresa Novek as Woman page 109\\\hline
19&Mark Merrifield as Man page 11 and 1st voice page 67 and Man \#1 page 114\\\hline
20&Paula Troie as Maud and 7th voice page 68\\\hline
21&Jenn Fichera as Alma\\\hline
22&Donna Fallon as Woman \#2 page 114\\\hline
23&Kevin Brannelly as 4th voice page 68 and Man \#2 page 114 and Man \#2 page 115\\\hline
24&Becky Tripp as 9th voice page 69 and Woman \#3 page 114\\\hline
