\newcommand{\ParameterShowName}{The Music Man}
\newcommand{\ParameterVenue}{Manchester Community Theater}
\newcommand{\ParameterDesigner}{John Sauter}
\newcommand{\ParameterDateNumeric}{2019-07-08}
\newcommand{\ParameterDateText}{July 8, 2019}
