\raggedright Top of Show&&&\centering Train passengers\\ (9, 10, 11, 12, 13)&&&\centering Conductor\\ (8)&&\centering Charlie Cowell\\ (7)\tabularnewline\hline
\raggedright 2: ``Boart!  All aboardt!''&&&\centering Train passengers\\ (9, 10, 11, 12, 13)&&&&&\centering Charlie Cowell\\ (7)\tabularnewline\hline
\raggedright 6: ``Hill?''&&&\centering Train passengers\\ (9, 10, 11, 12, 13, 14, 15)&&&&&\centering Charlie Cowell\\ (7)\tabularnewline\hline
\raggedright 6: ``No!''&&&\centering Train passengers\\ (9, 10, 11, 12, 13)&&&&&\centering Charlie Cowell\\ (7)\tabularnewline\hline
\raggedright 8: ``but he doesn't know the territory!''&&&\centering Train passengers\\ (9, 10, 11, 12, 13)&&&\centering Conductor\\ (8)&&\centering Charlie Cowell\\ (7)\tabularnewline\hline
\raggedright 8: ``Seegarettes illegal in this state.  Board!''&&&\centering Train passengers\\ (9, 10, 11, 12, 13)&&&&&\centering Charlie Cowell\\ (7)\tabularnewline\hline
\raggedright 10: ``sell them neck-bowed Hawkeyes out here.''&\centering Stranger\\ (1)&&\centering Train passengers\\ (9, 10, 11, 12, 13)&&&\centering Conductor\\ (8)&&\centering Charlie Cowell\\ (7)\tabularnewline\hline
\raggedright 10: ``I don't believe I caught your name.''&&&&&&&&\tabularnewline\hline
\raggedright 10: immediately following&&&&&\centering Boys Act 1\\ (20)&&&\tabularnewline\hline
\raggedright 11: ``you really ought to give Iowa a try,''&&&\centering contrary solo page 11\\ (6)&\centering Mayor Shinn\\ (17)&\centering Boys Act 1\\ (20)&\centering Alma\\ (21)&\centering Ethel\\ (22)&\centering Men Act 1\\ (19)\tabularnewline\hline
\raggedright 11: ``She wouldn't a' come anyway.''&&&&&&&&\tabularnewline\hline
\raggedright 12: ``If your crop should happen to die.''&&&&&&\centering Women Act 1\\ (24)&&\centering Men Act 1\\ (23)\tabularnewline\hline
\raggedright 12: ``Even though we may not ever mention it again.''&&&&&&&&\tabularnewline\hline
\raggedright 12: ``ought to give Iowa a try.''&\centering Harold\\ (1)&&&\centering Jacey\\ (3)&&&&\tabularnewline\hline
\raggedright 13: ``Who is late as usual.''&\centering Harold\\ (1)&&&&&&\centering Marcellus\\ (15)&\tabularnewline\hline
\raggedright 13: ``Music teacher.''&\centering Harold\\ (1)&&&&\centering Ewart\\ (4)&&&\tabularnewline\hline
\raggedright 15: ``a pool table in your community.''&\centering Harold\\ (1)&&&&&&&\tabularnewline\hline
\raggedright 22: ``The young ones moral after school''&\centering Harold\\ (1)&\centering Marian\\ (2)&&&&&&\tabularnewline\hline
\raggedright 23: ``Good!''&&&&&&&&\tabularnewline\hline
\raggedright 23: immediately following&&\centering Marian\\ (2)&&&&\centering Amaryllis\\ (18)&&\centering Mrs. Paroo\\ (16)\tabularnewline\hline
\raggedright 27: ``Yes, dear.''&&\centering Marian\\ (2)&&&\centering Winthrop\\ (14)&\centering Amaryllis\\ (18)&&\centering Mrs. Paroo\\ (16)\tabularnewline\hline
\raggedright 28: ``He's crying.''&&\centering Marian\\ (2)&&&&\centering Amaryllis\\ (18)&&\tabularnewline\hline
\raggedright 31: ``Goodnight.''&&&&&&&&\tabularnewline\hline
\raggedright 31: Scene five opens&&&&&\centering Eulalie\\ (9)&&&\tabularnewline\hline
\raggedright 31: song ends&&&&\centering Mayor Shinn\\ (17)&&&&\tabularnewline\hline
\raggedright 32: ``will take a leading part.''&&&&\centering Mayor Shinn\\ (17)&\centering Eulalie\\ (9)&&&\tabularnewline\hline
\raggedright 33: ``I'm shot, George; who shot me?''&&&&\centering Mayor Shinn\\ (17)&\centering Constable Locke\\ (23)&\centering Alma\\ (21)&\centering Gracie\\ (8)&\tabularnewline\hline
\raggedright 33: ``Four store and seven ---''&&&\centering Quartet\\ (3, 4, 5, 6)&\centering Mayor Shinn\\ (17)&\centering Constable Locke\\ (23)&\centering Alma\\ (21)&\centering Gracie\\ (8)&\tabularnewline\hline
\raggedright 34: ``Four score ---''&\centering Harold\\ (1)&&\centering Maud\\ (20)&\centering Mayor Shinn\\ (17)&&&&\centering Men Act 1\\ (11, 12)\tabularnewline\hline
\raggedright 35: ``we get this pool table matter settled!''&\centering Harold\\ (1)&&&&&&&\tabularnewline\hline
\raggedright 38: Shinn corners the school board&\centering Harold\\ (1)&&&\centering Mayor Shinn\\ (17)&\centering Constable Locke\\ (23)&\centering Tommy\\ (13)&&\tabularnewline\hline
\raggedright 39: ``Ten o'clock sharp.''&\centering Harold\\ (1)&&&&\centering Constable Locke\\ (23)&\centering Tommy\\ (13)&&\tabularnewline\hline
\raggedright 40: ``What's your name?''&\centering Harold\\ (1)&&&&\centering Constable Locke\\ (23)&\centering Tommy\\ (13)&\centering Zaneeta\\ (10)&\tabularnewline\hline
\raggedright 41: ``Ye Gods.''&\centering Harold\\ (1)&&&&\centering Constable Locke\\ (23)&&&\tabularnewline\hline
\raggedright 41: ``She's the Mayor's oldest girl.''&\centering Harold\\ (1)&&\centering Quartet\\ (3, 4, 5, 6)&&\centering Eulalie\\ (9)&&&\tabularnewline\hline
\raggedright 44: ``mystify...''&&&\centering Quartet\\ (3, 4, 5, 6)&&\centering Eulalie\\ (9)&&&\tabularnewline\hline
\raggedright 44: ``Oh, we're in love.''&&&&&&&&\tabularnewline\hline
\raggedright 44: Scene six opens&\centering Harold\\ (1)&\centering Marian\\ (2)&&&&&&\tabularnewline\hline
\raggedright 45: ``interesting information about you.''&\centering Harold\\ (1)&&&&&&\centering Marcellus\\ (15)&\tabularnewline\hline
\raggedright 48: ``The sadder but wiser girl for me.''&\centering Harold\\ (1)&&&\centering pick-a-little\\ (9, 20, 21, 22, 24)&&&&\tabularnewline\hline
\raggedright 52: ``cheep, cheep, cheep, cheep!''&\centering Harold\\ (1)&&\centering Quartet\\ (3, 4, 5, 6)&\centering pick-a-little\\ (9, 20, 21, 22, 24)&&&&\tabularnewline\hline
\raggedright 53: ``pick a little, talk a little, cheep!''&&&&&&&&\tabularnewline\hline
\raggedright 53: Scene seven opens&\centering Harold\\ (1)&\centering Marian\\ (2)&&&&&&\tabularnewline\hline
\raggedright 54: ``No!''&\centering Harold\\ (1)&&&&&&&\tabularnewline\hline
\raggedright 56: Marian slaps Tommy&&&&&&&&\tabularnewline\hline
\raggedright 57: Scene eight opens&\centering Harold\\ (1)&&&&&\centering Tommy\\ (13)&&\tabularnewline\hline
\raggedright 57: ``G'bye Professor.''&\centering Harold\\ (1)&&&&&&&\tabularnewline\hline
\raggedright 57: doorbell rings&\centering Harold\\ (1)&&&\centering Mayor Shinn\\ (17)&&&&\tabularnewline\hline
\raggedright 59: ``a Quaker on his day off.''&&&&&&&&\tabularnewline\hline
\raggedright 59: Scene ten opens&\centering Harold\\ (1)&&&&\centering Winthrop\\ (14)&&&\centering Mrs. Paroo\\ (16)\tabularnewline\hline
\raggedright 60: ``What do you think of that?''&\centering Harold\\ (1)&&&&&&&\centering Mrs. Paroo\\ (16)\tabularnewline\hline
\raggedright 61: ``Hodado, Miss Paroo.''&\centering Harold\\ (1)&\centering Marian\\ (2)&&&&&&\centering Mrs. Paroo\\ (16)\tabularnewline\hline
\raggedright 62: ``Well Miss Paroo, I hardly ---''&\centering Harold\\ (1)&&&&&&&\centering Mrs. Paroo\\ (16)\tabularnewline\hline
\raggedright 62: ``good day to ya, Widda Paroo.''&&\centering Marian\\ (2)&&&&&&\centering Mrs. Paroo\\ (16)\tabularnewline\hline
\raggedright 63: ``I know you're there.''&&\centering Marian\\ (2)&&&\centering Winthrop\\ (14)&&&\centering Mrs. Paroo\\ (16)\tabularnewline\hline
\raggedright 63: ``I've written it all down.''&&\centering Marian\\ (2)&&&&&&\centering Mrs. Paroo\\ (16)\tabularnewline\hline
\raggedright 63: ``He does?''&&\centering Marian\\ (2)&&&&&&\tabularnewline\hline
\raggedright 64: ```Til I die.''&&&&&&&&\tabularnewline\hline
\raggedright 65: Scene eleven opens&&&&&&\centering Tommy\\ (13)&\centering Zaneeta\\ (10)&\tabularnewline\hline
\raggedright 66: ``Tommy!  It's Papa!''&&\centering Marian\\ (2)&&\centering Mayor Shinn\\ (17)&\centering Eulalie\\ (9)&&&\tabularnewline\hline
\raggedright 67: ``It's on page...''&&\centering Marian\\ (2)&&\centering Mayor Shinn\\ (17)&\centering Eulalie\\ (9)&&\centering Gracie\\ (8)&\tabularnewline\hline
\raggedright 67: ``The band instruments!''&&&&&&&&\tabularnewline\hline
\raggedright 67: ``I wish, I wish I knew what it could be.''&&&&&&\centering WFW soloists\\ (11, 18, 19, 23)&&\tabularnewline\hline
\raggedright 68: ``and a cross-cut saw.''&&&&&&&&\tabularnewline\hline
\raggedright 68: ``It is a prepaid surprise or C.O.D.?''&&&&&&\centering WFW soloists\\ (7, 12, 15, 20)&&\tabularnewline\hline
\raggedright 68: ``or a double boiler,''&&&&&&\centering WFW soloists\\ (15)&&\tabularnewline\hline
\raggedright 68: ``just for me.''&&&&&&&&\tabularnewline\hline
\raggedright 69: ``I wish I knew what he was comin' for.''&&&\centering Quartet\\ (3, 4, 5, 6)&&&\centering WFW soloists\\ (21, 22, 24)&&\tabularnewline\hline
\raggedright 69: ``for the courthouse square.''&&&&&\centering Winthrop\\ (14)&&&\tabularnewline\hline
\raggedright 69: ``Ray-yy!''&&&\centering Driver\\ (16)&&\centering Winthrop\\ (14)&&&\tabularnewline\hline
\raggedright 69: ``Whoa!''&&&&&\centering Winthrop\\ (14)&&&\tabularnewline\hline
\raggedright 70: ``It'th the band insthrumenth!''&\centering Harold\\ (1)&&&\centering Mayor Shinn\\ (17)&\centering Winthrop\\ (14)&&&\tabularnewline\hline
\raggedright 70: ``O thithter!''&\centering Harold\\ (1)&&&\centering Mayor Shinn\\ (17)&\centering Eulalie\\ (9)&&&\tabularnewline\hline
\raggedright 71: ``About that book ---''&\centering Harold\\ (1)&&&&&&&\tabularnewline\hline
\raggedright 71: ``Tuesday nights at the High School.''&&&&&&&&\tabularnewline\hline
\raggedright 73: Act two scene one opens&&&&&\centering Eulalie\\ (9)&&&\tabularnewline\hline
\raggedright 73: ``All right, Mr. Dunlop.''&&&\centering Quartet\\ (3, 4, 5, 6)&&\centering Eulalie\\ (9)&&&\tabularnewline\hline
\raggedright 74: ``Oh, yes, ``it's you''''&&&&&\centering Eulalie\\ (9)&\centering Tommy\\ (13)&\centering Marcellus\\ (15)&\tabularnewline\hline
\raggedright 74: ``we are entitled to five more minutes.''&&&&&&\centering Tommy\\ (13)&\centering Marcellus\\ (15)&\tabularnewline\hline
\raggedright 75: ``Shipoopi!''&&&&&&&\centering Marcellus\\ (15)&\tabularnewline\hline
\raggedright 77: ``but you can win her yet.''&&&&&&&&\tabularnewline\hline
\raggedright 77: dancing concludes&&&&&&&\centering Boys Act 2\\ (18)&\tabularnewline\hline
\raggedright 77: ``show us some new steps!''&&&&&&&&\tabularnewline\hline
\raggedright 77: ``Shipoopi!''&&&&\centering Mayor Shinn\\ (17)&\centering Eulalie\\ (9)&\centering Tommy\\ (13)&\centering Zaneeta\\ (10)&\tabularnewline\hline
\raggedright 78: ``Get out, you wild kid.''&&&&\centering Mayor Shinn\\ (17)&\centering Eulalie\\ (9)&&\centering Zaneeta\\ (10)&\tabularnewline\hline
\raggedright 79: ``My dance ---''&\centering Harold\\ (1)&\centering Marian\\ (2)&&\centering Mayor Shinn\\ (17)&&&\centering Zaneeta\\ (10)&\tabularnewline\hline
\raggedright 80: ``He's slipprier'n a Mississippi sturgeon!''&\centering Harold\\ (1)&\centering Marian\\ (2)&\centering Quartet\\ (5)&\centering Mayor Shinn\\ (17)&&&\centering Zaneeta\\ (10)&\tabularnewline\hline
\raggedright 80: ``a button hook in the well-water.''&\centering Harold\\ (1)&\centering Marian\\ (2)&&&&&&\tabularnewline\hline
\raggedright 82: ``Why any night this week ---''&&\centering Marian\\ (2)&&\centering pick-a-little\\ (20, 21, 24)&&&\centering Ethel\\ (22)&\tabularnewline\hline
\raggedright 82: ``please join our Del Satre Committee''&&\centering Marian\\ (2)&&\centering pick-a-little\\ (20, 22, 24)&&\centering Alma\\ (21)&&\tabularnewline\hline
\raggedright 83: ``where a woman's heart should be!''&&\centering Marian\\ (2)&&\centering pick-a-little\\ (20, 21, 22, 24)&&&&\tabularnewline\hline
\raggedright 83: ``and we simply adored them all!''&&\centering Marian\\ (2)&&\centering pick-a-little\\ (20, 24)&\centering Eulalie\\ (9)&\centering Alma\\ (21)&\centering Ethel\\ (22)&\tabularnewline\hline
\raggedright 83: ``Bal-zac''&&\centering Marian\\ (2)&&\centering pick-a-little\\ (9, 20, 21, 22, 24)&&&&\tabularnewline\hline
\raggedright 84: (whispered) ``Cheep!''&&&&&&&&\tabularnewline\hline
\raggedright 84: Scene two opens&\centering Harold\\ (1)&&\centering Quartet\\ (3, 4, 5, 6)&&&&&\tabularnewline\hline
\raggedright 85: ``I'm home again, rose.''&&&\centering Quartet\\ (3, 4, 5, 6)&&&&&\tabularnewline\hline
\raggedright 85: ``Oh, Lida Rose.''&&\centering Marian\\ (2)&\centering Quartet\\ (3, 4, 5, 6)&&&&&\tabularnewline\hline
\raggedright 87: ``Oh, Lida Rose.''&&\centering Marian\\ (2)&&&&&&\tabularnewline\hline
\raggedright 87: Scene three opens&&\centering Marian\\ (2)&&&&&&\centering Mrs. Paroo\\ (16)\tabularnewline\hline
\raggedright 88: ``there's nothing wrong with a ladylike hint.''&&\centering Marian\\ (2)&&&\centering Winthrop\\ (14)&&&\centering Mrs. Paroo\\ (16)\tabularnewline\hline
\raggedright 90: ``La de da, La de da.''&&\centering Marian\\ (2)&&&&&&\centering Mrs. Paroo\\ (16)\tabularnewline\hline
\raggedright 90: ``There's time later.''&&\centering Marian\\ (2)&&&&&&\centering Charlie Cowell\\ (7)\tabularnewline\hline
\raggedright 93: ``Try me.''&&\centering Marian\\ (2)&\centering Quartet\\ (3, 4, 5, 6)&&&&&\centering Charlie Cowell\\ (7)\tabularnewline\hline
\raggedright 94: ``Neither one of you's heard the last of me, girly-girl!''&\centering Harold\\ (1)&\centering Marian\\ (2)&\centering Quartet\\ (3, 4, 5, 6)&&&&&\centering Mrs. Paroo\\ (16)\tabularnewline\hline
\raggedright 94: ``Oh, Lida Rose.''&\centering Harold\\ (1)&\centering Marian\\ (2)&&&&&&\centering Mrs. Paroo\\ (16)\tabularnewline\hline
\raggedright 95: ``Well, I'll put some on.''&\centering Harold\\ (1)&\centering Marian\\ (2)&&&&&&\tabularnewline\hline
\raggedright 100: ``Fifteen minutes.''&&\centering Marian\\ (2)&&&&&&\centering Mrs. Paroo\\ (16)\tabularnewline\hline
\raggedright 100: ``I been using the Think System on you from the Parlor!''&&&&&&&&\tabularnewline\hline
\raggedright 101: Scene four opens&\centering Harold\\ (1)&&&&&&\centering Marcellus\\ (15)&\tabularnewline\hline
\raggedright 102: ``I'll meet you at the Hotel in plenty of time.''&\centering Harold\\ (1)&\centering Marian\\ (2)&&&&&&\tabularnewline\hline
\raggedright 104: ``there's a lot of things you don't know about me ---''&\centering Harold\\ (1)&\centering Marian\\ (2)&&&&&\centering Marcellus\\ (15)&\tabularnewline\hline
\raggedright 104: ``Go get the rig.''&\centering Harold\\ (1)&\centering Marian\\ (2)&&&&&&\tabularnewline\hline
\raggedright 107: ``My someone, goodnight.''&\centering Harold\\ (1)&&&&&&\centering Marcellus\\ (15)&\centering Charlie Cowell\\ (7)\tabularnewline\hline
\raggedright 107: ``you never even knew the territory.''&\centering Harold\\ (1)&&&&&&\centering Marcellus\\ (15)&\tabularnewline\hline
\raggedright 107: ``Come on! Hurry up!''&&&&&&&&\tabularnewline\hline
\raggedright 108: Scene six opens&&&&\centering Mayor Shinn\\ (17)&\centering Eulalie\\ (9)&\centering Women Act 2\\ (18)&\centering Men Act 2\\ (8, 13)&\centering Charlie Cowell\\ (7)\tabularnewline\hline
\raggedright 109: ``After him!''&&&&&&&&\tabularnewline\hline
\raggedright 109: Harold enters at end of chase&\centering Harold\\ (1)&\centering Marian\\ (2)&&&&&&\tabularnewline\hline
\raggedright 110: ``Please , hurry, please ---''&\centering Harold\\ (1)&\centering Marian\\ (2)&&&&&\centering Marcellus\\ (15)&\tabularnewline\hline
\raggedright 110: ``Let's try down by the crick!''&\centering Harold\\ (1)&\centering Marian\\ (2)&&&\centering Winthrop\\ (14)&&&\tabularnewline\hline
\raggedright 113: ``till there was you.''&\centering Harold\\ (1)&\centering Marian\\ (2)&&&\centering Winthrop\\ (14)&&\centering Marcellus\\ (15)&\tabularnewline\hline
\raggedright 113: ``that way --- that way!''&&&&&&&&\tabularnewline\hline
\raggedright 113: Scene seven opens&&&&\centering Mayor Shinn\\ (17)&&&&\tabularnewline\hline
\raggedright 114: ``Four Score ---''&&&&\centering Mayor Shinn\\ (17)&&&\centering Men Act 2\\ (12)&\tabularnewline\hline
\raggedright 114: ``get our money back''&&&&\centering Mayor Shinn\\ (17)&&&\centering Men Act 2\\ (23)&\tabularnewline\hline
\raggedright 114: ``for uniforms, just tonight!''&&&&\centering Mayor Shinn\\ (17)&&\centering Women Act 2\\ (11)&&\tabularnewline\hline
\raggedright 114: ``seen them uniforms yet!'&&&&\centering Mayor Shinn\\ (17)&&&&\tabularnewline\hline
\raggedright 114: ``He's slippery.  I told you ---''&&&&\centering Mayor Shinn\\ (17)&&\centering Women Act 2\\ (22)&&\tabularnewline\hline
\raggedright 114: ``since just after supper!''&&&&\centering Mayor Shinn\\ (17)&&&\centering Men Act 2\\ (10)&\tabularnewline\hline
\raggedright 114: ``He's a kidnapper!''&&&&\centering Mayor Shinn\\ (17)&&\centering Women Act 2\\ (24)&&\tabularnewline\hline
\raggedright 114: ``Fine situation here!''&&&&\centering Mayor Shinn\\ (17)&&&&\tabularnewline\hline
\raggedright 114: ``Four Score ---''&\centering Harold\\ (1)&\centering Marian\\ (2)&&\centering Mayor Shinn\\ (17)&&&&\tabularnewline\hline
\raggedright 115: Mayor Shinn shakes hands with Tommy&\centering Harold\\ (1)&\centering Marian\\ (2)&\centering Maud\\ (20)&\centering Mayor Shinn\\ (17)&&\centering Alma\\ (21)&\centering Men Act 2\\ (12, 23)&\tabularnewline\hline
\raggedright 116: Harold embraces Marian&&&&&&&&\tabularnewline\hline
