\vskip 0.25in \vbox {\parbox[t]{0.5in}{1\hfil}\parbox[t]{2in}{On: 13, 14, 15, 16, 17, 18, 19. }}
\vskip 0.25in \vbox {\parbox[t]{0.5in}{2a\hfil}\parbox[t]{2in}{Off: 14. (Still on: 13, 15, 16, 17, 18, 19.)}}
\vskip 0.25in \vbox {\parbox[t]{0.5in}{8c\hfil}\parbox[t]{2in}{On: 14. }}
\vskip 0.25in \vbox {\parbox[t]{0.5in}{8d\hfil}\parbox[t]{2in}{Off: 14. (Still on: 13, 15, 16, 17, 18, 19.)}}
\vskip 0.25in \vbox {\parbox[t]{0.5in}{10a\hfil}\parbox[t]{2in}{On: 1, 14. }}
\vskip 0.25in \vbox {\parbox[t]{0.5in}{10b\hfil}\parbox[t]{2in}{Off: 1, 13, 14, 15, 16, 17, 18, 19. (All off.)}}
\vskip 0.25in \vbox {\parbox[t]{0.5in}{11b\hfil}\parbox[t]{2in}{On: 6, 7, 10, 11, 21. }}
\vskip 0.25in \vbox {\parbox[t]{0.5in}{11c\hfil}\parbox[t]{2in}{Off: 6, 7, 10, 11, 21. (All off.)}}
\vskip 0.25in \vbox {\parbox[t]{0.5in}{12b\hfil}\parbox[t]{2in}{On: 23, 24. }}
\vskip 0.25in \vbox {\parbox[t]{0.5in}{12c\hfil}\parbox[t]{2in}{Off: 23, 24. (All off.)}}
\vskip 0.25in \vbox {\parbox[t]{0.5in}{12d\hfil}\parbox[t]{2in}{On: 1, 3. }}
\vskip 0.25in \vbox {\parbox[t]{0.5in}{13\hfil}\parbox[t]{2in}{On: 15. Off: 3. (Still on: 1, 15.)}}
\vskip 0.25in \vbox {\parbox[t]{0.5in}{15a\hfil}\parbox[t]{2in}{On: 4. Off: 15. (Still on: 1, 4.)}}
\vskip 0.25in \vbox {\parbox[t]{0.5in}{15b\hfil}\parbox[t]{2in}{Off: 4. (Still on: 1.)}}
\vskip 0.25in \vbox {\parbox[t]{0.5in}{22c\hfil}\parbox[t]{2in}{On: 2. }}
\vskip 0.25in \vbox {\parbox[t]{0.5in}{23a\hfil}\parbox[t]{2in}{Off: 1, 2. (All off.)}}
\vskip 0.25in \vbox {\parbox[t]{0.5in}{23b\hfil}\parbox[t]{2in}{On: 2, 20, 22. }}
\vskip 0.25in \vbox {\parbox[t]{0.5in}{27\hfil}\parbox[t]{2in}{On: 24. }}
\vskip 0.25in \vbox {\parbox[t]{0.5in}{28\hfil}\parbox[t]{2in}{Off: 22, 24. (Still on: 2, 20.)}}
\vskip 0.25in \vbox {\parbox[t]{0.5in}{31b\hfil}\parbox[t]{2in}{Off: 2, 20. (All off.)}}
\vskip 0.25in \vbox {\parbox[t]{0.5in}{31c\hfil}\parbox[t]{2in}{On: 8. }}
\vskip 0.25in \vbox {\parbox[t]{0.5in}{31d\hfil}\parbox[t]{2in}{On: 7. Off: 8. (Still on: 7.)}}
\vskip 0.25in \vbox {\parbox[t]{0.5in}{32b\hfil}\parbox[t]{2in}{On: 8. }}
\vskip 0.25in \vbox {\parbox[t]{0.5in}{33b\hfil}\parbox[t]{2in}{On: 10, 14, 23. Off: 8. (Still on: 7, 10, 14, 23.)}}
\vskip 0.25in \vbox {\parbox[t]{0.5in}{33c\hfil}\parbox[t]{2in}{On: 3, 4, 5, 6. }}
\vskip 0.25in \vbox {\parbox[t]{0.5in}{35a\hfil}\parbox[t]{2in}{On: 1, 9, 17, 18. Off: 3, 4, 5, 6, 10, 14, 23. (Still on: 1, 7, 9, 17, 18.)}}
\vskip 0.25in \vbox {\parbox[t]{0.5in}{35b\hfil}\parbox[t]{2in}{Off: 7, 9, 17, 18. (Still on: 1.)}}
\vskip 0.25in \vbox {\parbox[t]{0.5in}{38d\hfil}\parbox[t]{2in}{On: 7, 19, 23. }}
\vskip 0.25in \vbox {\parbox[t]{0.5in}{39\hfil}\parbox[t]{2in}{Off: 7. (Still on: 1, 19, 23.)}}
\vskip 0.25in \vbox {\parbox[t]{0.5in}{40\hfil}\parbox[t]{2in}{On: 16. }}
\vskip 0.25in \vbox {\parbox[t]{0.5in}{41a\hfil}\parbox[t]{2in}{Off: 16, 19. (Still on: 1, 23.)}}
\vskip 0.25in \vbox {\parbox[t]{0.5in}{41b\hfil}\parbox[t]{2in}{On: 3, 4, 5, 6, 8. Off: 23. (Still on: 1, 3, 4, 5, 6, 8.)}}
\vskip 0.25in \vbox {\parbox[t]{0.5in}{44c\hfil}\parbox[t]{2in}{Off: 1. (Still on: 3, 4, 5, 6, 8.)}}
\vskip 0.25in \vbox {\parbox[t]{0.5in}{44d\hfil}\parbox[t]{2in}{Off: 3, 4, 5, 6, 8. (All off.)}}
\vskip 0.25in \vbox {\parbox[t]{0.5in}{44e\hfil}\parbox[t]{2in}{On: 1, 2. }}
\vskip 0.25in \vbox {\parbox[t]{0.5in}{45\hfil}\parbox[t]{2in}{On: 15. Off: 2. (Still on: 1, 15.)}}
\vskip 0.25in \vbox {\parbox[t]{0.5in}{48b\hfil}\parbox[t]{2in}{On: 8, 9, 10, 11, 12. Off: 15. (Still on: 1, 8, 9, 10, 11, 12.)}}
\vskip 0.25in \vbox {\parbox[t]{0.5in}{52\hfil}\parbox[t]{2in}{On: 3, 4, 5, 6. }}
\vskip 0.25in \vbox {\parbox[t]{0.5in}{53b\hfil}\parbox[t]{2in}{Off: 1, 3, 4, 5, 6, 8, 9, 10, 11, 12. (All off.)}}
\vskip 0.25in \vbox {\parbox[t]{0.5in}{53c\hfil}\parbox[t]{2in}{On: 1, 2. }}
\vskip 0.25in \vbox {\parbox[t]{0.5in}{54b\hfil}\parbox[t]{2in}{Off: 2. (Still on: 1.)}}
\vskip 0.25in \vbox {\parbox[t]{0.5in}{56d\hfil}\parbox[t]{2in}{Off: 1. (All off.)}}
\vskip 0.25in \vbox {\parbox[t]{0.5in}{57a\hfil}\parbox[t]{2in}{On: 1, 19. }}
\vskip 0.25in \vbox {\parbox[t]{0.5in}{57b\hfil}\parbox[t]{2in}{Off: 19. (Still on: 1.)}}
\vskip 0.25in \vbox {\parbox[t]{0.5in}{57d\hfil}\parbox[t]{2in}{On: 7. }}
\vskip 0.25in \vbox {\parbox[t]{0.5in}{59a\hfil}\parbox[t]{2in}{Off: 1, 7. (All off.)}}
\vskip 0.25in \vbox {\parbox[t]{0.5in}{59b\hfil}\parbox[t]{2in}{On: 1, 22, 24. }}
\vskip 0.25in \vbox {\parbox[t]{0.5in}{60\hfil}\parbox[t]{2in}{Off: 24. (Still on: 1, 22.)}}
\vskip 0.25in \vbox {\parbox[t]{0.5in}{61\hfil}\parbox[t]{2in}{On: 2. }}
\vskip 0.25in \vbox {\parbox[t]{0.5in}{62b\hfil}\parbox[t]{2in}{Off: 1. (Still on: 2, 22.)}}
\vskip 0.25in \vbox {\parbox[t]{0.5in}{63a\hfil}\parbox[t]{2in}{On: 24. }}
\vskip 0.25in \vbox {\parbox[t]{0.5in}{63b\hfil}\parbox[t]{2in}{Off: 24. (Still on: 2, 22.)}}
\vskip 0.25in \vbox {\parbox[t]{0.5in}{64\hfil}\parbox[t]{2in}{Off: 22. (Still on: 2.)}}
\vskip 0.25in \vbox {\parbox[t]{0.5in}{65a\hfil}\parbox[t]{2in}{Off: 2. (All off.)}}
\vskip 0.25in \vbox {\parbox[t]{0.5in}{65b\hfil}\parbox[t]{2in}{On: 16, 19. }}
\vskip 0.25in \vbox {\parbox[t]{0.5in}{66\hfil}\parbox[t]{2in}{On: 2, 7, 8. Off: 16, 19. (Still on: 2, 7, 8.)}}
\vskip 0.25in \vbox {\parbox[t]{0.5in}{67a\hfil}\parbox[t]{2in}{On: 14. Off: 2. (Still on: 7, 8, 14.)}}
\vskip 0.25in \vbox {\parbox[t]{0.5in}{67c\hfil}\parbox[t]{2in}{Off: 7, 8, 14. (All off.)}}
\vskip 0.25in \vbox {\parbox[t]{0.5in}{67d\hfil}\parbox[t]{2in}{On: 17, 20, 21, 23. }}
\vskip 0.25in \vbox {\parbox[t]{0.5in}{67e\hfil}\parbox[t]{2in}{Off: 21. (Still on: 17, 20, 23.)}}
\vskip 0.25in \vbox {\parbox[t]{0.5in}{67f\hfil}\parbox[t]{2in}{Off: 20. (Still on: 17, 23.)}}
\vskip 0.25in \vbox {\parbox[t]{0.5in}{68a\hfil}\parbox[t]{2in}{Off: 17. (Still on: 23.)}}
\vskip 0.25in \vbox {\parbox[t]{0.5in}{68b\hfil}\parbox[t]{2in}{Off: 23. (All off.)}}
\vskip 0.25in \vbox {\parbox[t]{0.5in}{68c\hfil}\parbox[t]{2in}{On: 9, 13, 15, 18. }}
\vskip 0.25in \vbox {\parbox[t]{0.5in}{68d\hfil}\parbox[t]{2in}{Off: 13. (Still on: 9, 15, 18.)}}
\vskip 0.25in \vbox {\parbox[t]{0.5in}{68e\hfil}\parbox[t]{2in}{Off: 18. (Still on: 9, 15.)}}
\vskip 0.25in \vbox {\parbox[t]{0.5in}{68f\hfil}\parbox[t]{2in}{Off: 9. (Still on: 15.)}}
\vskip 0.25in \vbox {\parbox[t]{0.5in}{68g\hfil}\parbox[t]{2in}{Off: 15. (All off.)}}
\vskip 0.25in \vbox {\parbox[t]{0.5in}{69a\hfil}\parbox[t]{2in}{On: 3, 4, 5, 6, 10, 11, 12, 24. }}
\vskip 0.25in \vbox {\parbox[t]{0.5in}{69b\hfil}\parbox[t]{2in}{Off: 12. (Still on: 3, 4, 5, 6, 10, 11, 24.)}}
\vskip 0.25in \vbox {\parbox[t]{0.5in}{69c\hfil}\parbox[t]{2in}{Off: 11. (Still on: 3, 4, 5, 6, 10, 24.)}}
\vskip 0.25in \vbox {\parbox[t]{0.5in}{69d\hfil}\parbox[t]{2in}{Off: 10. (Still on: 3, 4, 5, 6, 24.)}}
\vskip 0.25in \vbox {\parbox[t]{0.5in}{69e\hfil}\parbox[t]{2in}{Off: 3, 4, 5, 6. (Still on: 24.)}}
\vskip 0.25in \vbox {\parbox[t]{0.5in}{70b\hfil}\parbox[t]{2in}{On: 1. }}
\vskip 0.25in \vbox {\parbox[t]{0.5in}{70c\hfil}\parbox[t]{2in}{On: 7, 8. Off: 24. (Still on: 1, 7, 8.)}}
\vskip 0.25in \vbox {\parbox[t]{0.5in}{71a\hfil}\parbox[t]{2in}{Off: 7, 8. (Still on: 1.)}}
\vskip 0.25in \vbox {\parbox[t]{0.5in}{71b\hfil}\parbox[t]{2in}{Off: 1. (All off.)}}
\vskip 0.25in \vbox {\parbox[t]{0.5in}{73a\hfil}\parbox[t]{2in}{On: 8. }}
\vskip 0.25in \vbox {\parbox[t]{0.5in}{73b\hfil}\parbox[t]{2in}{On: 3, 4, 5, 6. }}
\vskip 0.25in \vbox {\parbox[t]{0.5in}{74b\hfil}\parbox[t]{2in}{On: 15, 19. Off: 3, 4, 5, 6. (Still on: 8, 15, 19.)}}
\vskip 0.25in \vbox {\parbox[t]{0.5in}{75a\hfil}\parbox[t]{2in}{Off: 8. (Still on: 15, 19.)}}
\vskip 0.25in \vbox {\parbox[t]{0.5in}{75b\hfil}\parbox[t]{2in}{Off: 19. (Still on: 15.)}}
\vskip 0.25in \vbox {\parbox[t]{0.5in}{77a\hfil}\parbox[t]{2in}{Off: 15. (All off.)}}
\vskip 0.25in \vbox {\parbox[t]{0.5in}{77c\hfil}\parbox[t]{2in}{On: 20. }}
\vskip 0.25in \vbox {\parbox[t]{0.5in}{77d\hfil}\parbox[t]{2in}{Off: 20. (All off.)}}
\vskip 0.25in \vbox {\parbox[t]{0.5in}{77e\hfil}\parbox[t]{2in}{On: 7, 8, 16, 19. }}
\vskip 0.25in \vbox {\parbox[t]{0.5in}{79a\hfil}\parbox[t]{2in}{Off: 19. (Still on: 7, 8, 16.)}}
\vskip 0.25in \vbox {\parbox[t]{0.5in}{79b\hfil}\parbox[t]{2in}{On: 1, 2. Off: 8. (Still on: 1, 2, 7, 16.)}}
\vskip 0.25in \vbox {\parbox[t]{0.5in}{80a\hfil}\parbox[t]{2in}{On: 5. }}
\vskip 0.25in \vbox {\parbox[t]{0.5in}{80b\hfil}\parbox[t]{2in}{Off: 5, 7, 16. (Still on: 1, 2.)}}
\vskip 0.25in \vbox {\parbox[t]{0.5in}{82b\hfil}\parbox[t]{2in}{On: 9, 10, 11, 12. Off: 1. (Still on: 2, 9, 10, 11, 12.)}}
\vskip 0.25in \vbox {\parbox[t]{0.5in}{83b\hfil}\parbox[t]{2in}{On: 8. }}
\vskip 0.25in \vbox {\parbox[t]{0.5in}{84b\hfil}\parbox[t]{2in}{Off: 2, 8, 9, 10, 11, 12. (All off.)}}
\vskip 0.25in \vbox {\parbox[t]{0.5in}{84c\hfil}\parbox[t]{2in}{On: 1, 3, 4, 5, 6. }}
\vskip 0.25in \vbox {\parbox[t]{0.5in}{85b\hfil}\parbox[t]{2in}{Off: 1. (Still on: 3, 4, 5, 6.)}}
\vskip 0.25in \vbox {\parbox[t]{0.5in}{86\hfil}\parbox[t]{2in}{On: 2. }}
\vskip 0.25in \vbox {\parbox[t]{0.5in}{87b\hfil}\parbox[t]{2in}{Off: 3, 4, 5, 6. (Still on: 2.)}}
\vskip 0.25in \vbox {\parbox[t]{0.5in}{87c\hfil}\parbox[t]{2in}{On: 22. }}
\vskip 0.25in \vbox {\parbox[t]{0.5in}{88\hfil}\parbox[t]{2in}{On: 24. }}
\vskip 0.25in \vbox {\parbox[t]{0.5in}{90b\hfil}\parbox[t]{2in}{Off: 24. (Still on: 2, 22.)}}
\vskip 0.25in \vbox {\parbox[t]{0.5in}{90c\hfil}\parbox[t]{2in}{On: 13. Off: 22. (Still on: 2, 13.)}}
\vskip 0.25in \vbox {\parbox[t]{0.5in}{93b\hfil}\parbox[t]{2in}{On: 3, 4, 5, 6. }}
\vskip 0.25in \vbox {\parbox[t]{0.5in}{94a\hfil}\parbox[t]{2in}{Off: 13. (Still on: 2, 3, 4, 5, 6.)}}
\vskip 0.25in \vbox {\parbox[t]{0.5in}{94b\hfil}\parbox[t]{2in}{On: 22. }}
\vskip 0.25in \vbox {\parbox[t]{0.5in}{94c\hfil}\parbox[t]{2in}{On: 1. Off: 3, 4, 5, 6. (Still on: 1, 2, 22.)}}
\vskip 0.25in \vbox {\parbox[t]{0.5in}{95\hfil}\parbox[t]{2in}{Off: 22. (Still on: 1, 2.)}}
\vskip 0.25in \vbox {\parbox[t]{0.5in}{100a\hfil}\parbox[t]{2in}{On: 22. Off: 1. (Still on: 2, 22.)}}
\vskip 0.25in \vbox {\parbox[t]{0.5in}{100b\hfil}\parbox[t]{2in}{Off: 2, 22. (All off.)}}
\vskip 0.25in \vbox {\parbox[t]{0.5in}{101\hfil}\parbox[t]{2in}{On: 1, 15. }}
\vskip 0.25in \vbox {\parbox[t]{0.5in}{102\hfil}\parbox[t]{2in}{On: 2. Off: 15. (Still on: 1, 2.)}}
\vskip 0.25in \vbox {\parbox[t]{0.5in}{104a\hfil}\parbox[t]{2in}{On: 15. }}
\vskip 0.25in \vbox {\parbox[t]{0.5in}{104b\hfil}\parbox[t]{2in}{Off: 15. (Still on: 1, 2.)}}
\vskip 0.25in \vbox {\parbox[t]{0.5in}{106a\hfil}\parbox[t]{2in}{Off: 2. (Still on: 1.)}}
\vskip 0.25in \vbox {\parbox[t]{0.5in}{106b\hfil}\parbox[t]{2in}{On: 2. }}
\vskip 0.25in \vbox {\parbox[t]{0.5in}{107a\hfil}\parbox[t]{2in}{On: 13, 15. Off: 2. (Still on: 1, 13, 15.)}}
\vskip 0.25in \vbox {\parbox[t]{0.5in}{107c\hfil}\parbox[t]{2in}{Off: 13. (Still on: 1, 15.)}}
\vskip 0.25in \vbox {\parbox[t]{0.5in}{108a\hfil}\parbox[t]{2in}{Off: 1, 15. (All off.)}}
\vskip 0.25in \vbox {\parbox[t]{0.5in}{108b\hfil}\parbox[t]{2in}{On: 7, 8, 13, 14, 19, 20. }}
\vskip 0.25in \vbox {\parbox[t]{0.5in}{109a\hfil}\parbox[t]{2in}{Off: 7, 8, 13, 14, 19, 20. (All off.)}}
\vskip 0.25in \vbox {\parbox[t]{0.5in}{109b\hfil}\parbox[t]{2in}{On: 1, 2. }}
\vskip 0.25in \vbox {\parbox[t]{0.5in}{110a\hfil}\parbox[t]{2in}{On: 15. }}
\vskip 0.25in \vbox {\parbox[t]{0.5in}{110b\hfil}\parbox[t]{2in}{On: 24. Off: 15. (Still on: 1, 2, 24.)}}
\vskip 0.25in \vbox {\parbox[t]{0.5in}{113a\hfil}\parbox[t]{2in}{On: 15. }}
\vskip 0.25in \vbox {\parbox[t]{0.5in}{113b\hfil}\parbox[t]{2in}{Off: 1, 2, 15, 24. (All off.)}}
\vskip 0.25in \vbox {\parbox[t]{0.5in}{113c\hfil}\parbox[t]{2in}{On: 7. }}
\vskip 0.25in \vbox {\parbox[t]{0.5in}{113d\hfil}\parbox[t]{2in}{On: 6, 9, 10, 11, 12, 16, 17, 18, 21, 23. }}
\vskip 0.25in \vbox {\parbox[t]{0.5in}{114b\hfil}\parbox[t]{2in}{Off: 17. (Still on: 6, 7, 9, 10, 11, 12, 16, 18, 21, 23.)}}
\vskip 0.25in \vbox {\parbox[t]{0.5in}{114c\hfil}\parbox[t]{2in}{Off: 11. (Still on: 6, 7, 9, 10, 12, 16, 18, 21, 23.)}}
\vskip 0.25in \vbox {\parbox[t]{0.5in}{114d\hfil}\parbox[t]{2in}{Off: 16. (Still on: 6, 7, 9, 10, 12, 18, 21, 23.)}}
\vskip 0.25in \vbox {\parbox[t]{0.5in}{114e\hfil}\parbox[t]{2in}{On: 1, 2. Off: 12. (Still on: 1, 2, 6, 7, 9, 10, 18, 21, 23.)}}
\vskip 0.25in \vbox {\parbox[t]{0.5in}{116a\hfil}\parbox[t]{2in}{Off: 1, 2, 6, 7, 9, 10, 18, 21, 23. (All off.)}}
