\vbox {\setlength{\parindent}{0.25in}\noindent \textbf{Stuart Harmon as Harold and Stranger}: You will use microphone 1 throughout the show. \par1. \parbox[t]{7in}{Get microphone 1 from the stage manager before the show starts.}\par
2.  \parbox[t]{7in}{Return microphone 1 to the stage manager at the end of the show.}\par
\vskip 0.25in}\par 

\vbox {\setlength{\parindent}{0.25in}\noindent \textbf{Ashley Hughes as Marian}: You will use microphone 2 throughout the show. \par1. \parbox[t]{7in}{Get microphone 2 from the stage manager before the show starts.}\par
2.  \parbox[t]{7in}{Return microphone 2 to the stage manager at the end of the show.}\par
\vskip 0.25in}\par 

\vbox {\setlength{\parindent}{0.25in}\noindent \textbf{Roger Hurd as Jacey}: You will use microphone 3 throughout the show. \par1. \parbox[t]{7in}{Get microphone 3 from the stage manager before the show starts.}\par
2.  \parbox[t]{7in}{Return microphone 3 to the stage manager at the end of the show.}\par
\vskip 0.25in}\par 

\vbox {\setlength{\parindent}{0.25in}\noindent \textbf{Russell Arrowsmith as Ewart}: You will use microphone 4 throughout the show. \par1. \parbox[t]{7in}{Get microphone 4 from the stage manager before the show starts.}\par
2.  \parbox[t]{7in}{Return microphone 4 to the stage manager at the end of the show.}\par
\vskip 0.25in}\par 

\vbox {\setlength{\parindent}{0.25in}\noindent \textbf{Nicholas Hammes as Oliver}: You will use microphone 5 throughout the show. \par1. \parbox[t]{7in}{Get microphone 5 from the stage manager before the show starts.}\par
2.  \parbox[t]{7in}{Return microphone 5 to the stage manager at the end of the show.}\par
\vskip 0.25in}\par 

\vbox {\setlength{\parindent}{0.25in}\noindent \textbf{Steve Hammes as Olin and contrary solo page 11}: You will use microphone 6.  \par
1. \parbox[t]{7in}{Get microphone 6 from the stage manager before the show starts.}\par
2.  \parbox[t]{7in}{Give microphone 6 to Nancy Bennison as Woman page 115 after 37 Lida Rose (Reprise) (page 94b) but before 44 Finale --- Act 2 (page 113d).}\par
\vskip 0.25in}\par 

\vbox {\setlength{\parindent}{0.25in}\noindent \textbf{Michelle Emmond as Mrs.~Paroo}: You will use microphone 16.  \par
1. \parbox[t]{7in}{Get microphone 16 from the stage manager before the show starts.}\par
2.  \parbox[t]{7in}{Give microphone 16 to Pat Sawicki as Driver after 23 My White Knight (page 65a) but before 25 Finale Act 1 (page 69e).}\par
3.  \parbox[t]{7in}{Get microphone 16 from Pat Sawicki as Driver during intermission (page 72).}\par
4.  \parbox[t]{7in}{Return microphone 16 to the stage manager at the end of the show.}\par
\vskip 0.25in}\par 

\vbox {\setlength{\parindent}{0.25in}\noindent \textbf{Vick Bennison as Mayor Shinn}: You will use microphone 17 throughout the show. \par1. \parbox[t]{7in}{Get microphone 17 from the stage manager before the show starts.}\par
2.  \parbox[t]{7in}{Return microphone 17 to the stage manager at the end of the show.}\par
\vskip 0.25in}\par 

\vbox {\setlength{\parindent}{0.25in}\noindent \textbf{Meg Petersen as Eulalie}: You will use microphone 9.  \par
1.  \parbox[t]{7in}{Get microphone 9 from Joe Cinque as Salesman \#2 and Newspaper Reader \#1 after 03 Rock Island (page 10b) but before 09 Columbia, Gem of the Ocean (page 31c).}\par
2.  \parbox[t]{7in}{Return microphone 9 to the stage manager at the end of the show.}\par
\vskip 0.25in}\par 

\vbox {\setlength{\parindent}{0.25in}\noindent \textbf{Paula Troie as Maud and 7th voice page 68}: You will use microphone 20.  \par
1.  \parbox[t]{7in}{Get microphone 20 from Matt O'Dowd as Boy page 11 after 04 Iowa Stubborn (page 13) but before 09 Columbia, Gem of the Ocean (page 31c).}\par
2.  \parbox[t]{7in}{Return microphone 20 to the stage manager at the end of the show.}\par
\vskip 0.25in}\par 

\vbox {\setlength{\parindent}{0.25in}\noindent \textbf{Jenn Fichera as Alma}: You will use microphone 21.  \par
1. \parbox[t]{7in}{Get microphone 21 from the stage manager before the show starts.}\par
2.  \parbox[t]{7in}{Give microphone 21 to Janet Scagnelli as 11th voice page 69 after 17 Pick-a-Little, Talk-a-Little \& Goodnight, Ladies (page 53b) but before 24 The Wells Fargo Wagon (page 67b).}\par
3.  \parbox[t]{7in}{Get microphone 21 from Janet Scagnelli as 11th voice page 69 during intermission (page 72).}\par
4.  \parbox[t]{7in}{Return microphone 21 to the stage manager at the end of the show.}\par
\vskip 0.25in}\par 

\vbox {\setlength{\parindent}{0.25in}\noindent \textbf{Jenn Stover as Ethel}: You will use microphone 22.  \par
1. \parbox[t]{7in}{Get microphone 22 from the stage manager before the show starts.}\par
2.  \parbox[t]{7in}{Give microphone 22 to JoAnn Zall as 10th voice page 69 after 17 Pick-a-Little, Talk-a-Little \& Goodnight, Ladies (page 53b) but before 24 The Wells Fargo Wagon (page 67b).}\par
3.  \parbox[t]{7in}{Get microphone 22 from JoAnn Zall as 10th voice page 69 during intermission (page 72).}\par
4.  \parbox[t]{7in}{Give microphone 22 to Donna Fallon as Woman \#2 page 114 after 34 Pick-a-Little, Talk-a-Little (Reprise) (page 84b) but before 44 Finale --- Act 2 (page 113d).}\par
\vskip 0.25in}\par 

\vbox {\setlength{\parindent}{0.25in}\noindent \textbf{Karen Hammes as Mrs.~Squires}: You will use microphone 24.  \par
1.  \parbox[t]{7in}{Get microphone 24 from Susan Abis as Wife page 12 after 04 Iowa Stubborn (page 13) but before 09 Columbia, Gem of the Ocean (page 31c).}\par
2.  \parbox[t]{7in}{Give microphone 24 to Becky Tripp as 9th voice page 69 and Woman \#3 page 114 after 17 Pick-a-Little, Talk-a-Little \& Goodnight, Ladies (page 53b) but before 24 The Wells Fargo Wagon (page 67b).}\par
3.  \parbox[t]{7in}{Get microphone 24 from Becky Tripp as 9th voice page 69 and Woman \#3 page 114 during intermission (page 72).}\par
4.  \parbox[t]{7in}{Give microphone 24 to Becky Tripp as 9th voice page 69 and Woman \#3 page 114 after 34 Pick-a-Little, Talk-a-Little (Reprise) (page 84b) but before 44 Finale --- Act 2 (page 113d).}\par
\vskip 0.25in}\par 

\vbox {\setlength{\parindent}{0.25in}\noindent \textbf{Mark Sousa as Marcellus}: You will use microphone 15.  \par
1.  \parbox[t]{7in}{Get microphone 15 from Kevin Linkroum as Newspaper Reader \#3 and Newspaper Reader \#5 after 03 Rock Island (page 10b) but before 05 Ya Got Trouble (page 13).}\par
2.  \parbox[t]{7in}{Give microphone 15 to Sophie Linkroum as 8th voice page 68 after 16 The Sadder But Wiser Girl (page 48b) but before 24 The Wells Fargo Wagon (page 67b).}\par
3.  \parbox[t]{7in}{Get microphone 15 from Sophie Linkroum as 8th voice page 68 during intermission (page 72).}\par
4.  \parbox[t]{7in}{Return microphone 15 to the stage manager at the end of the show.}\par
\vskip 0.25in}\par 

\vbox {\setlength{\parindent}{0.25in}\noindent \textbf{Ben Wesenberg as Winthrop}: You will use microphone 14.  \par
1.  \parbox[t]{7in}{Get microphone 14 from Dave Ostrowski as Newspaper Reader \#2 and Newspaper Reader \#4 after 03 Rock Island (page 10b) but before 08 Goodnight, My Someone (page 27).}\par
2.  \parbox[t]{7in}{Return microphone 14 to the stage manager at the end of the show.}\par
\vskip 0.25in}\par 

\vbox {\setlength{\parindent}{0.25in}\noindent \textbf{Tom Partridge as Charlie Cowell}: You will use microphone 7.  \par
1. \parbox[t]{7in}{Get microphone 7 from the stage manager before the show starts.}\par
2.  \parbox[t]{7in}{Give microphone 7 to Robyn Holley as 5th voice page 68 after 03 Rock Island (page 10b) but before 24 The Wells Fargo Wagon (page 67b).}\par
3.  \parbox[t]{7in}{Get microphone 7 from Robyn Holley as 5th voice page 68 during intermission (page 72).}\par
4.  \parbox[t]{7in}{Return microphone 7 to the stage manager at the end of the show.}\par
\vskip 0.25in}\par 

\vbox {\setlength{\parindent}{0.25in}\noindent \textbf{Patrick McKnight as Tommy}: You will use microphone 13.  \par
1.  \parbox[t]{7in}{Get microphone 13 from Rich Sparks as Salesman \#1 and Man \#1 page 108 and Man \#1 page 109 after 03 Rock Island (page 10b) but before 09 Columbia, Gem of the Ocean (page 31c).}\par
2.  \parbox[t]{7in}{Give microphone 13 to Rich Sparks as Salesman \#1 and Man \#1 page 108 and Man \#1 page 109 after 33 Shipoopi Playoff (page 79a) but before 41 Ice Cream Sociable (page 108b).}\par
\vskip 0.25in}\par 

\vbox {\setlength{\parindent}{0.25in}\noindent \textbf{Olivia Vordenberg as Zaneeta}: You will use microphone 10.  \par
1.  \parbox[t]{7in}{Get microphone 10 from Gordon Goyette as Salesman \#3 and Man \#3 page 114 after 03 Rock Island (page 10b) but before 09 Columbia, Gem of the Ocean (page 31c).}\par
2.  \parbox[t]{7in}{Give microphone 10 to Gordon Goyette as Salesman \#3 and Man \#3 page 114 after 33 Shipoopi Playoff (page 80b) but before 44 Finale --- Act 2 (page 113d).}\par
\vskip 0.25in}\par 

\vbox {\setlength{\parindent}{0.25in}\noindent \textbf{Christa Vordenberg as Amaryllis}: You will use microphone 18.  \par
1. \parbox[t]{7in}{Get microphone 18 from the stage manager before the show starts.}\par
2.  \parbox[t]{7in}{Give microphone 18 to Kim Whitehead as 2nd voice page 67 after 08 Goodnight, My Someone (page 31b) but before 24 The Wells Fargo Wagon (page 67b).}\par
\vskip 0.25in}\par 

\vbox {\setlength{\parindent}{0.25in}\noindent \textbf{Steve Taylor as Constable Locke and Farmer page 12}: You will use microphone 23.  \par
1. \parbox[t]{7in}{Get microphone 23 from the stage manager before the show starts.}\par
2.  \parbox[t]{7in}{Give microphone 23 to Kevin Brannelly as 4th voice page 68 and Man \#2 page 114 and Man \#2 page 115 after 14 Ice Cream/Sincere (page 44d) but before 24 The Wells Fargo Wagon (page 67b).}\par
\vskip 0.25in}\par 

\vbox {\setlength{\parindent}{0.25in}\noindent \textbf{Ken Cox as Conductor and Man \#2 page 109}: You will use microphone 8.  \par
1. \parbox[t]{7in}{Get microphone 8 from the stage manager before the show starts.}\par
2.  \parbox[t]{7in}{Give microphone 8 to Lucy Stover as Gracie after 03 Rock Island (page 10b) but before 09 Columbia, Gem of the Ocean (page 31c).}\par
3.  \parbox[t]{7in}{Get microphone 8 from Lucy Stover as Gracie during intermission (page 72).}\par
4.  \parbox[t]{7in}{Return microphone 8 to the stage manager at the end of the show.}\par
\vskip 0.25in}\par 

\vbox {\setlength{\parindent}{0.25in}\noindent \textbf{Joe Cinque as Salesman \#2 and Newspaper Reader \#1}: You will use microphone 9.  \par
1. \parbox[t]{7in}{Get microphone 9 from the stage manager before the show starts.}\par
2.  \parbox[t]{7in}{Give microphone 9 to Meg Petersen as Eulalie after 03 Rock Island (page 10b) but before 09 Columbia, Gem of the Ocean (page 31c).}\par
\vskip 0.25in}\par 

\vbox {\setlength{\parindent}{0.25in}\noindent \textbf{Gordon Goyette as Salesman \#3 and Man \#3 page 114}: You will use microphone 10.  \par
1. \parbox[t]{7in}{Get microphone 10 from the stage manager before the show starts.}\par
2.  \parbox[t]{7in}{Give microphone 10 to Olivia Vordenberg as Zaneeta after 03 Rock Island (page 10b) but before 09 Columbia, Gem of the Ocean (page 31c).}\par
3.  \parbox[t]{7in}{Get microphone 10 from Olivia Vordenberg as Zaneeta after 33 Shipoopi Playoff (page 80b) but before 44 Finale --- Act 2 (page 113d).}\par
4.  \parbox[t]{7in}{Return microphone 10 to the stage manager at the end of the show.}\par
\vskip 0.25in}\par 

\vbox {\setlength{\parindent}{0.25in}\noindent \textbf{Mike McKnight as Salesman \#5 and Man page 35}: You will use microphone 11.  \par
1. \parbox[t]{7in}{Get microphone 11 from the stage manager before the show starts.}\par
2.  \parbox[t]{7in}{Give microphone 11 to Jane Curran as 3rd voice page 68 and Woman \#1 page 114 after 13 Seventy-Six Trombones --- Playoff (page 38c) but before 24 The Wells Fargo Wagon (page 67b).}\par
\vskip 0.25in}\par 

\vbox {\setlength{\parindent}{0.25in}\noindent \textbf{Bob Piotrowski as Salesman \#4 and Man \#2 page 35 and Man \#1 page 115}: You will use microphone 12.  \par
1. \parbox[t]{7in}{Get microphone 12 from the stage manager before the show starts.}\par
2.  \parbox[t]{7in}{Give microphone 12 to Janine Leffler as 6th voice page 68 after 13 Seventy-Six Trombones --- Playoff (page 38c) but before 24 The Wells Fargo Wagon (page 67b).}\par
3.  \parbox[t]{7in}{Get microphone 12 from Janine Leffler as 6th voice page 68 during intermission (page 72).}\par
4.  \parbox[t]{7in}{Return microphone 12 to the stage manager at the end of the show.}\par
\vskip 0.25in}\par 

\vbox {\setlength{\parindent}{0.25in}\noindent \textbf{Rich Sparks as Salesman \#1 and Man \#1 page 108 and Man \#1 page 109}: You will use microphone 13.  \par
1. \parbox[t]{7in}{Get microphone 13 from the stage manager before the show starts.}\par
2.  \parbox[t]{7in}{Give microphone 13 to Patrick McKnight as Tommy after 03 Rock Island (page 10b) but before 09 Columbia, Gem of the Ocean (page 31c).}\par
3.  \parbox[t]{7in}{Get microphone 13 from Patrick McKnight as Tommy after 33 Shipoopi Playoff (page 79a) but before 41 Ice Cream Sociable (page 108b).}\par
4.  \parbox[t]{7in}{Return microphone 13 to the stage manager at the end of the show.}\par
\vskip 0.25in}\par 

\vbox {\setlength{\parindent}{0.25in}\noindent \textbf{Dave Ostrowski as Newspaper Reader \#2 and Newspaper Reader \#4}: You will use microphone 14.  \par
1. \parbox[t]{7in}{Get microphone 14 from the stage manager before the show starts.}\par
2.  \parbox[t]{7in}{Give microphone 14 to Ben Wesenberg as Winthrop after 03 Rock Island (page 10b) but before 08 Goodnight, My Someone (page 27).}\par
\vskip 0.25in}\par 

\vbox {\setlength{\parindent}{0.25in}\noindent \textbf{Kevin Linkroum as Newspaper Reader \#3 and Newspaper Reader \#5}: You will use microphone 15.  \par
1. \parbox[t]{7in}{Get microphone 15 from the stage manager before the show starts.}\par
2.  \parbox[t]{7in}{Give microphone 15 to Mark Sousa as Marcellus after 03 Rock Island (page 10b) but before 05 Ya Got Trouble (page 13).}\par
\vskip 0.25in}\par 

\vbox {\setlength{\parindent}{0.25in}\noindent \textbf{Susan Abis as Wife page 12}: You will use microphone 24.  \par
1. \parbox[t]{7in}{Get microphone 24 from the stage manager before the show starts.}\par
2.  \parbox[t]{7in}{Give microphone 24 to Karen Hammes as Mrs.~Squires after 04 Iowa Stubborn (page 13) but before 09 Columbia, Gem of the Ocean (page 31c).}\par
\vskip 0.25in}\par 

\vbox {\setlength{\parindent}{0.25in}\noindent \textbf{Mark Merrifield as Man page 11 and 1st voice page 67 and Man \#1 page 114}: You will use microphone 19 throughout the show. \par1. \parbox[t]{7in}{Get microphone 19 from the stage manager before the show starts.}\par
2.  \parbox[t]{7in}{Return microphone 19 to the stage manager at the end of the show.}\par
\vskip 0.25in}\par 

\vbox {\setlength{\parindent}{0.25in}\noindent \textbf{Lucy Stover as Gracie}: You will use microphone 8.  \par
1.  \parbox[t]{7in}{Get microphone 8 from Ken Cox as Conductor and Man \#2 page 109 after 03 Rock Island (page 10b) but before 09 Columbia, Gem of the Ocean (page 31c).}\par
2.  \parbox[t]{7in}{Give microphone 8 to Ken Cox as Conductor and Man \#2 page 109 during intermission (page 72).}\par
\vskip 0.25in}\par 

\vbox {\setlength{\parindent}{0.25in}\noindent \textbf{Kim Whitehead as 2nd voice page 67}: You will use microphone 18.  \par
1.  \parbox[t]{7in}{Get microphone 18 from Christa Vordenberg as Amaryllis after 08 Goodnight, My Someone (page 31b) but before 24 The Wells Fargo Wagon (page 67b).}\par
2.  \parbox[t]{7in}{Give microphone 18 to Megan Ostrowski as Boy page 77 during intermission (page 72).}\par
\vskip 0.25in}\par 

\vbox {\setlength{\parindent}{0.25in}\noindent \textbf{Jane Curran as 3rd voice page 68 and Woman \#1 page 114}: You will use microphone 11.  \par
1.  \parbox[t]{7in}{Get microphone 11 from Mike McKnight as Salesman \#5 and Man page 35 after 13 Seventy-Six Trombones --- Playoff (page 38c) but before 24 The Wells Fargo Wagon (page 67b).}\par
2.  \parbox[t]{7in}{Return microphone 11 to the stage manager at the end of the show.}\par
\vskip 0.25in}\par 

\vbox {\setlength{\parindent}{0.25in}\noindent \textbf{Kevin Brannelly as 4th voice page 68 and Man \#2 page 114 and Man \#2 page 115}: You will use microphone 23.  \par
1.  \parbox[t]{7in}{Get microphone 23 from Steve Taylor as Constable Locke and Farmer page 12 after 14 Ice Cream/Sincere (page 44d) but before 24 The Wells Fargo Wagon (page 67b).}\par
2.  \parbox[t]{7in}{Return microphone 23 to the stage manager at the end of the show.}\par
\vskip 0.25in}\par 

\vbox {\setlength{\parindent}{0.25in}\noindent \textbf{Robyn Holley as 5th voice page 68}: You will use microphone 7.  \par
1.  \parbox[t]{7in}{Get microphone 7 from Tom Partridge as Charlie Cowell after 03 Rock Island (page 10b) but before 24 The Wells Fargo Wagon (page 67b).}\par
2.  \parbox[t]{7in}{Give microphone 7 to Tom Partridge as Charlie Cowell during intermission (page 72).}\par
\vskip 0.25in}\par 

\vbox {\setlength{\parindent}{0.25in}\noindent \textbf{Janine Leffler as 6th voice page 68}: You will use microphone 12.  \par
1.  \parbox[t]{7in}{Get microphone 12 from Bob Piotrowski as Salesman \#4 and Man \#2 page 35 and Man \#1 page 115 after 13 Seventy-Six Trombones --- Playoff (page 38c) but before 24 The Wells Fargo Wagon (page 67b).}\par
2.  \parbox[t]{7in}{Give microphone 12 to Bob Piotrowski as Salesman \#4 and Man \#2 page 35 and Man \#1 page 115 during intermission (page 72).}\par
\vskip 0.25in}\par 

\vbox {\setlength{\parindent}{0.25in}\noindent \textbf{Sophie Linkroum as 8th voice page 68}: You will use microphone 15.  \par
1.  \parbox[t]{7in}{Get microphone 15 from Mark Sousa as Marcellus after 16 The Sadder But Wiser Girl (page 48b) but before 24 The Wells Fargo Wagon (page 67b).}\par
2.  \parbox[t]{7in}{Give microphone 15 to Mark Sousa as Marcellus during intermission (page 72).}\par
\vskip 0.25in}\par 

\vbox {\setlength{\parindent}{0.25in}\noindent \textbf{Becky Tripp as 9th voice page 69 and Woman \#3 page 114}: You will use microphone 24.  \par
1.  \parbox[t]{7in}{Get microphone 24 from Karen Hammes as Mrs.~Squires after 17 Pick-a-Little, Talk-a-Little \& Goodnight, Ladies (page 53b) but before 24 The Wells Fargo Wagon (page 67b).}\par
2.  \parbox[t]{7in}{Give microphone 24 to Karen Hammes as Mrs.~Squires during intermission (page 72).}\par
3.  \parbox[t]{7in}{Get microphone 24 from Karen Hammes as Mrs.~Squires after 34 Pick-a-Little, Talk-a-Little (Reprise) (page 84b) but before 44 Finale --- Act 2 (page 113d).}\par
4.  \parbox[t]{7in}{Return microphone 24 to the stage manager at the end of the show.}\par
\vskip 0.25in}\par 

\vbox {\setlength{\parindent}{0.25in}\noindent \textbf{JoAnn Zall as 10th voice page 69}: You will use microphone 22.  \par
1.  \parbox[t]{7in}{Get microphone 22 from Jenn Stover as Ethel after 17 Pick-a-Little, Talk-a-Little \& Goodnight, Ladies (page 53b) but before 24 The Wells Fargo Wagon (page 67b).}\par
2.  \parbox[t]{7in}{Give microphone 22 to Jenn Stover as Ethel during intermission (page 72).}\par
\vskip 0.25in}\par 

\vbox {\setlength{\parindent}{0.25in}\noindent \textbf{Janet Scagnelli as 11th voice page 69}: You will use microphone 21.  \par
1.  \parbox[t]{7in}{Get microphone 21 from Jenn Fichera as Alma after 17 Pick-a-Little, Talk-a-Little \& Goodnight, Ladies (page 53b) but before 24 The Wells Fargo Wagon (page 67b).}\par
2.  \parbox[t]{7in}{Give microphone 21 to Jenn Fichera as Alma during intermission (page 72).}\par
\vskip 0.25in}\par 

\vbox {\setlength{\parindent}{0.25in}\noindent \textbf{Matt O'Dowd as Boy page 11}: You will use microphone 20.  \par
1. \parbox[t]{7in}{Get microphone 20 from the stage manager before the show starts.}\par
2.  \parbox[t]{7in}{Give microphone 20 to Paula Troie as Maud and 7th voice page 68 after 04 Iowa Stubborn (page 13) but before 09 Columbia, Gem of the Ocean (page 31c).}\par
\vskip 0.25in}\par 

\vbox {\setlength{\parindent}{0.25in}\noindent \textbf{Megan Ostrowski as Boy page 77}: You will use microphone 18.  \par
1.  \parbox[t]{7in}{Get microphone 18 from Kim Whitehead as 2nd voice page 67 during intermission (page 72).}\par
2.  \parbox[t]{7in}{Give microphone 18 to Theresa Novek as Woman page 109 after 33 Shipoopi Playoff (page 79b) but before 41 Ice Cream Sociable (page 108b).}\par
\vskip 0.25in}\par 

\vbox {\setlength{\parindent}{0.25in}\noindent \textbf{Theresa Novek as Woman page 109}: You will use microphone 18.  \par
1.  \parbox[t]{7in}{Get microphone 18 from Megan Ostrowski as Boy page 77 after 33 Shipoopi Playoff (page 79b) but before 41 Ice Cream Sociable (page 108b).}\par
2.  \parbox[t]{7in}{Return microphone 18 to the stage manager at the end of the show.}\par
\vskip 0.25in}\par 

\vbox {\setlength{\parindent}{0.25in}\noindent \textbf{Donna Fallon as Woman \#2 page 114}: You will use microphone 22.  \par
1.  \parbox[t]{7in}{Get microphone 22 from Jenn Stover as Ethel after 34 Pick-a-Little, Talk-a-Little (Reprise) (page 84b) but before 44 Finale --- Act 2 (page 113d).}\par
2.  \parbox[t]{7in}{Return microphone 22 to the stage manager at the end of the show.}\par
\vskip 0.25in}\par 

\vbox {\setlength{\parindent}{0.25in}\noindent \textbf{Nancy Bennison as Woman page 115}: You will use microphone 6.  \par
1.  \parbox[t]{7in}{Get microphone 6 from Steve Hammes as Olin and contrary solo page 11 after 37 Lida Rose (Reprise) (page 94b) but before 44 Finale --- Act 2 (page 113d).}\par
2.  \parbox[t]{7in}{Return microphone 6 to the stage manager at the end of the show.}\par
\vskip 0.25in}\par 

\vbox {\setlength{\parindent}{0.25in}\noindent \textbf{Pat Sawicki as Driver}: You will use microphone 16.  \par
1.  \parbox[t]{7in}{Get microphone 16 from Michelle Emmond as Mrs.~Paroo after 23 My White Knight (page 65a) but before 25 Finale Act 1 (page 69e).}\par
2.  \parbox[t]{7in}{Give microphone 16 to Michelle Emmond as Mrs.~Paroo during intermission (page 72).}\par
\vskip 0.25in}\par 

