\vskip 0.25in \vbox to0.75in {\parbox[t]{1in}{Harold\vfil}}
\vskip 0.25in \vbox to0.75in {\parbox[t]{1in}{Marian\vfil}}
\vskip 0.25in \vbox to0.75in {\parbox[t]{1in}{Jacey\vfil}}
\vskip 0.25in \vbox to0.75in {\parbox[t]{1in}{Ewart\vfil}}
\vskip 0.25in \vbox to0.75in {\parbox[t]{1in}{Oliver\vfil}}
\vskip 0.25in \vbox to0.75in {\parbox[t]{1in}{Olin\vfil}}
\vskip 0.25in \vbox to0.75in {\parbox[t]{1in}{Mayor Shinn\vfil}}
\vskip 0.25in \vbox to0.75in {\parbox[t]{1in}{Eulalie\vfil}}
\vskip 0.25in \vbox to0.75in {\parbox[t]{1in}{Maud\vfil}}
\vskip 0.25in \vbox to0.75in {\parbox[t]{1in}{Alma\vfil}}
\vskip 0.25in \vbox to0.75in {\parbox[t]{1in}{Ethel\vfil}}
\vskip 0.25in \vbox to0.75in {\parbox[t]{1in}{Mrs.~Britt\vfil}}
\vskip 0.25in \vbox to0.75in {\parbox[t]{1in}{Charlie Cowell\vfil}}
\vskip 0.25in \vbox to0.75in {\parbox[t]{1in}{Conductor\vfil}}
\vskip 0.25in \vbox to0.75in {\parbox[t]{1in}{Marcellus\vfil}}
\vskip 0.25in \vbox to0.75in {\parbox[t]{1in}{Zaneeta\vfil}}
\vskip 0.25in \vbox to0.75in {\parbox[t]{1in}{Salesman \#5\vfil}}
\vskip 0.25in \vbox to0.75in {\parbox[t]{1in}{Salesman \#4\vfil}}
\vskip 0.25in \vbox to0.75in {\parbox[t]{1in}{Tommy\vfil}}
\vskip 0.25in \vbox to0.75in {\parbox[t]{1in}{Amaryllis\vfil}}
\vskip 0.25in \vbox to0.75in {\parbox[t]{1in}{Man page 11\vfil}}
\vskip 0.25in \vbox to0.75in {\parbox[t]{1in}{Mrs.~Paroo\vfil}}
\vskip 0.25in \vbox to0.75in {\parbox[t]{1in}{Constable Locke\vfil}}
\vskip 0.25in \vbox to0.75in {\parbox[t]{1in}{Winthrop\vfil}}
