\raggedright 1&\centering Solo\\ (1)&&&&&&&\tabularnewline\hline
\raggedright 2&&&&&&&&\tabularnewline\hline
