\subsection* {1}
\subsubsection* {Switch On}
\begin{enumerate}
\item Character character\_01 on microphone 1 using DCA 0 named Solo.
\end{enumerate}
\subsection* {2}
\subsubsection* {Switch Off}
\begin{enumerate}
\item Character character\_01 on microphone 1.
\end{enumerate}
Note that all microphones are now off.
