\vbox {\setlength{\parindent}{0.25in}\noindent \textbf{actor\_01 as character\_01}: You will use microphone 1 throughout the show. \par1. \parbox[t]{7in}{Get microphone 1 from the stage manager before the show starts.}\par
2.  \parbox[t]{7in}{Return microphone 1 to the stage manager at the end of the show.}\par
\vskip 0.25in}\par 

